Archive member included to satisfy reference by file (symbol)

/home/andrew/.pico-sdk/toolchain/13_2_Rel1/bin/../lib/gcc/arm-none-eabi/13.2.1/thumb/v6-m/nofp/libgcc.a(_dvmd_tls.o)
                              CMakeFiles/myproject.dir/home/andrew/.pico-sdk/sdk/2.0.0/src/rp2_common/pico_divider/divider_hardware.S.obj (__aeabi_idiv0)
/home/andrew/.pico-sdk/toolchain/13_2_Rel1/bin/../lib/gcc/arm-none-eabi/13.2.1/../../../../arm-none-eabi/lib/thumb/v6-m/nofp/libg.a(libc_a-strncmp.o)
                              CMakeFiles/myproject.dir/home/andrew/.pico-sdk/sdk/2.0.0/lib/cyw43-driver/src/cyw43_ll.c.obj (strncmp)
/home/andrew/.pico-sdk/toolchain/13_2_Rel1/bin/../lib/gcc/arm-none-eabi/13.2.1/../../../../arm-none-eabi/lib/thumb/v6-m/nofp/libg.a(libc_a-lcltime_r.o)
                              CMakeFiles/myproject.dir/home/andrew/.pico-sdk/sdk/2.0.0/src/common/pico_util/datetime.c.obj (localtime_r)
/home/andrew/.pico-sdk/toolchain/13_2_Rel1/bin/../lib/gcc/arm-none-eabi/13.2.1/../../../../arm-none-eabi/lib/thumb/v6-m/nofp/libg.a(libc_a-mktime.o)
                              CMakeFiles/myproject.dir/home/andrew/.pico-sdk/sdk/2.0.0/src/common/pico_util/datetime.c.obj (mktime)
/home/andrew/.pico-sdk/toolchain/13_2_Rel1/bin/../lib/gcc/arm-none-eabi/13.2.1/../../../../arm-none-eabi/lib/thumb/v6-m/nofp/libg.a(libc_a-month_lengths.o)
                              /home/andrew/.pico-sdk/toolchain/13_2_Rel1/bin/../lib/gcc/arm-none-eabi/13.2.1/../../../../arm-none-eabi/lib/thumb/v6-m/nofp/libg.a(libc_a-lcltime_r.o) (__month_lengths)
/home/andrew/.pico-sdk/toolchain/13_2_Rel1/bin/../lib/gcc/arm-none-eabi/13.2.1/../../../../arm-none-eabi/lib/thumb/v6-m/nofp/libg.a(libc_a-tzcalc_limits.o)
                              /home/andrew/.pico-sdk/toolchain/13_2_Rel1/bin/../lib/gcc/arm-none-eabi/13.2.1/../../../../arm-none-eabi/lib/thumb/v6-m/nofp/libg.a(libc_a-lcltime_r.o) (__tzcalc_limits)
/home/andrew/.pico-sdk/toolchain/13_2_Rel1/bin/../lib/gcc/arm-none-eabi/13.2.1/../../../../arm-none-eabi/lib/thumb/v6-m/nofp/libg.a(libc_a-tzlock.o)
                              /home/andrew/.pico-sdk/toolchain/13_2_Rel1/bin/../lib/gcc/arm-none-eabi/13.2.1/../../../../arm-none-eabi/lib/thumb/v6-m/nofp/libg.a(libc_a-lcltime_r.o) (__tz_lock)
/home/andrew/.pico-sdk/toolchain/13_2_Rel1/bin/../lib/gcc/arm-none-eabi/13.2.1/../../../../arm-none-eabi/lib/thumb/v6-m/nofp/libg.a(libc_a-malloc.o)
                              CMakeFiles/myproject.dir/home/andrew/.pico-sdk/sdk/2.0.0/src/rp2_common/pico_malloc/malloc.c.obj (malloc)
/home/andrew/.pico-sdk/toolchain/13_2_Rel1/bin/../lib/gcc/arm-none-eabi/13.2.1/../../../../arm-none-eabi/lib/thumb/v6-m/nofp/libg.a(libc_a-mallocr.o)
                              /home/andrew/.pico-sdk/toolchain/13_2_Rel1/bin/../lib/gcc/arm-none-eabi/13.2.1/../../../../arm-none-eabi/lib/thumb/v6-m/nofp/libg.a(libc_a-malloc.o) (_malloc_r)
/home/andrew/.pico-sdk/toolchain/13_2_Rel1/bin/../lib/gcc/arm-none-eabi/13.2.1/../../../../arm-none-eabi/lib/thumb/v6-m/nofp/libg.a(libc_a-memcmp.o)
                              CMakeFiles/myproject.dir/home/andrew/.pico-sdk/sdk/2.0.0/src/rp2_common/pico_atomic/atomic.c.obj (memcmp)
/home/andrew/.pico-sdk/toolchain/13_2_Rel1/bin/../lib/gcc/arm-none-eabi/13.2.1/../../../../arm-none-eabi/lib/thumb/v6-m/nofp/libg.a(libc_a-memmove.o)
                              CMakeFiles/myproject.dir/home/andrew/.pico-sdk/sdk/2.0.0/lib/cyw43-driver/src/cyw43_ll.c.obj (memmove)
/home/andrew/.pico-sdk/toolchain/13_2_Rel1/bin/../lib/gcc/arm-none-eabi/13.2.1/../../../../arm-none-eabi/lib/thumb/v6-m/nofp/libg.a(libc_a-tzset.o)
                              /home/andrew/.pico-sdk/toolchain/13_2_Rel1/bin/../lib/gcc/arm-none-eabi/13.2.1/../../../../arm-none-eabi/lib/thumb/v6-m/nofp/libg.a(libc_a-lcltime_r.o) (_tzset_unlocked)
/home/andrew/.pico-sdk/toolchain/13_2_Rel1/bin/../lib/gcc/arm-none-eabi/13.2.1/../../../../arm-none-eabi/lib/thumb/v6-m/nofp/libg.a(libc_a-tzset_r.o)
                              /home/andrew/.pico-sdk/toolchain/13_2_Rel1/bin/../lib/gcc/arm-none-eabi/13.2.1/../../../../arm-none-eabi/lib/thumb/v6-m/nofp/libg.a(libc_a-tzset.o) (_tzset_unlocked_r)
/home/andrew/.pico-sdk/toolchain/13_2_Rel1/bin/../lib/gcc/arm-none-eabi/13.2.1/../../../../arm-none-eabi/lib/thumb/v6-m/nofp/libg.a(libc_a-init.o)
                              /home/andrew/.pico-sdk/toolchain/13_2_Rel1/bin/../lib/gcc/arm-none-eabi/13.2.1/../../../../arm-none-eabi/lib/thumb/v6-m/nofp/crt0.o (__libc_init_array)
/home/andrew/.pico-sdk/toolchain/13_2_Rel1/bin/../lib/gcc/arm-none-eabi/13.2.1/../../../../arm-none-eabi/lib/thumb/v6-m/nofp/libg.a(libc_a-tzvars.o)
                              /home/andrew/.pico-sdk/toolchain/13_2_Rel1/bin/../lib/gcc/arm-none-eabi/13.2.1/../../../../arm-none-eabi/lib/thumb/v6-m/nofp/libg.a(libc_a-tzset_r.o) (_timezone)
/home/andrew/.pico-sdk/toolchain/13_2_Rel1/bin/../lib/gcc/arm-none-eabi/13.2.1/../../../../arm-none-eabi/lib/thumb/v6-m/nofp/libg.a(libc_a-lock.o)
[...]
Memory Configuration

Name             Origin             Length             Attributes
FLASH            0x10000000         0x00200000         xr
RAM              0x20000000         0x00040000         xrw
SCRATCH_X        0x20040000         0x00001000         xrw
SCRATCH_Y        0x20041000         0x00001000         xrw
*default*        0x00000000         0xffffffff

Linker script and memory map

LOAD /home/andrew/.pico-sdk/toolchain/13_2_Rel1/bin/../lib/gcc/arm-none-eabi/13.2.1/thumb/v6-m/nofp/crti.o
LOAD /home/andrew/.pico-sdk/toolchain/13_2_Rel1/bin/../lib/gcc/arm-none-eabi/13.2.1/thumb/v6-m/nofp/crtbegin.o
LOAD /home/andrew/.pico-sdk/toolchain/13_2_Rel1/bin/../lib/gcc/arm-none-eabi/13.2.1/../../../../arm-none-eabi/lib/thumb/v6-m/nofp/crt0.o

.flash_begin    0x10000000        0x0
                0x10000000                        __flash_binary_start = .

.boot2          0x10000000      0x100
                0x10000000                        __boot2_start__ = .
 *(.boot2)
 .boot2         0x10000000      0x100 /tmp/ccR17Ah3.o
                0x10000100                        __boot2_end__ = .
                0x00000001                        ASSERT (((__boot2_end__ - __boot2_start__) == 0x100), ERROR: Pico second stage bootloader must be 256 bytes in size)

.text           0x10000100     0xd4d0
                0x10000100                        __logical_binary_start = .
 *(.vectors)
 .vectors       0x10000100       0xd4 CMakeFiles/myproject.dir/home/andrew/.pico-sdk/sdk/2.0.0/src/rp2_common/pico_crt0/crt0.S.obj
                0x10000100                __vectors
                0x10000100                __VECTOR_TABLE
                0x100001c0                isr_invalid
                0x100001c0                __default_isrs_start
                0x100001c2                isr_nmi
                0x100001c4                isr_hardfault
                0x100001c6                isr_svcall
                0x100001c8                isr_pendsv
                0x100001ca                isr_systick
                0x100001cc                isr_irq30
                0x100001cc                __unhandled_user_irq
                0x100001cc                isr_irq13
                0x100001cc                isr_irq27
                0x100001cc                isr_irq31
                0x100001cc                isr_irq5
                0x100001cc                isr_irq11
                0x100001cc                isr_irq23
                0x100001cc                isr_irq18
                0x100001cc                isr_irq28
                0x100001cc                isr_irq19
                0x100001cc                isr_irq0
                0x100001cc                isr_irq6
                0x100001cc                isr_irq22
                0x100001cc                isr_irq17
                0x100001cc                isr_irq14
                0x100001cc                isr_irq2
                0x100001cc                isr_irq10
                0x100001cc                isr_irq8
                0x100001cc                isr_irq24
                0x100001cc                isr_irq1
                0x100001cc                isr_irq7
                0x100001cc                isr_irq21
                0x100001cc                isr_irq20
                0x100001cc                isr_irq15
                0x100001cc                isr_irq25
                0x100001cc                isr_irq4
                0x100001cc                isr_irq16
                0x100001cc                isr_irq29
                0x100001cc                isr_irq26
                0x100001cc                __default_isrs_end
                0x100001cc                isr_irq3
                0x100001cc                isr_irq12
                0x100001cc                isr_irq9
                0x100001d2                unhandled_user_irq_num_in_r0
 *(.binary_info_header)
 .binary_info_header
                0x100001d4       0x14 CMakeFiles/myproject.dir/home/andrew/.pico-sdk/sdk/2.0.0/src/rp2_common/pico_crt0/crt0.S.obj
                0x100001e8                        __binary_info_header_end = .
 *(.embedded_block)
                0x100001e8                        __embedded_block_end = .
 *(.reset)
 .reset         0x100001e8       0x9c CMakeFiles/myproject.dir/home/andrew/.pico-sdk/sdk/2.0.0/src/rp2_common/pico_crt0/crt0.S.obj
                0x100001e8                _entry_point
 *(.init)
 .init          0x10000284        0x4 /home/andrew/.pico-sdk/toolchain/13_2_Rel1/bin/../lib/gcc/arm-none-eabi/13.2.1/thumb/v6-m/nofp/crti.o
                0x10000284                _init
 *(EXCLUDE_FILE(*libm.a: *libc.a:*lib_a-mem*.o *libgcc.a:) .text*)
 .text.register_tm_clones
                0x10000288       0x28 /home/andrew/.pico-sdk/toolchain/13_2_Rel1/bin/../lib/gcc/arm-none-eabi/13.2.1/thumb/v6-m/nofp/crtbegin.o
 .text.frame_dummy
                0x100002b0       0x24 /home/andrew/.pico-sdk/toolchain/13_2_Rel1/bin/../lib/gcc/arm-none-eabi/13.2.1/thumb/v6-m/nofp/crtbegin.o
 .text.blink_task
                0x100002d4       0x68 CMakeFiles/myproject.dir/hello_freertos.c.obj
                0x100002d4                blink_task
 .text.main_task
                0x1000033c       0x60 CMakeFiles/myproject.dir/hello_freertos.c.obj
                0x1000033c                main_task
 .text.startup.main
                0x1000039c       0x30 CMakeFiles/myproject.dir/hello_freertos.c.obj
                0x1000039c                main
 .text.gpio_set_function
                0x100003cc       0x34 CMakeFiles/myproject.dir/home/andrew/.pico-sdk/sdk/2.0.0/src/rp2_common/hardware_gpio/gpio.c.obj
                0x100003cc                gpio_set_function
 .text.gpio_set_pulls
                0x10000400       0x28 CMakeFiles/myproject.dir/home/andrew/.pico-sdk/sdk/2.0.0/src/rp2_common/hardware_gpio/gpio.c.obj
                0x10000400                gpio_set_pulls
 .text.gpio_set_input_hysteresis_enabled
                0x10000428       0x28 CMakeFiles/myproject.dir/home/andrew/.pico-sdk/sdk/2.0.0/src/rp2_common/hardware_gpio/gpio.c.obj
                0x10000428                gpio_set_input_hysteresis_enabled
 .text.gpio_set_irq_enabled
                0x10000450       0x58 CMakeFiles/myproject.dir/home/andrew/.pico-sdk/sdk/2.0.0/src/rp2_common/hardware_gpio/gpio.c.obj
                0x10000450                gpio_set_irq_enabled
 .text.gpio_add_raw_irq_handler_with_order_priority_masked
                0x100004a8       0x44 CMakeFiles/myproject.dir/home/andrew/.pico-sdk/sdk/2.0.0/src/rp2_common/hardware_gpio/gpio.c.obj
                0x100004a8                gpio_add_raw_irq_handler_with_order_priority_masked
 .text.gpio_remove_raw_irq_handler_masked
                0x100004ec       0x20 CMakeFiles/myproject.dir/home/andrew/.pico-sdk/sdk/2.0.0/src/rp2_common/hardware_gpio/gpio.c.obj
                0x100004ec                gpio_remove_raw_irq_handler_masked
 .text.gpio_init
                0x1000050c       0x40 CMakeFiles/myproject.dir/home/andrew/.pico-sdk/sdk/2.0.0/src/rp2_common/hardware_gpio/gpio.c.obj
                0x1000050c                gpio_init
 .text.rp2040_chip_version
                0x1000054c        0xc CMakeFiles/myproject.dir/home/andrew/.pico-sdk/sdk/2.0.0/src/rp2040/pico_platform/platform.c.obj
                0x1000054c                rp2040_chip_version
 .text.panic    0x10000558       0x30 CMakeFiles/myproject.dir/home/andrew/.pico-sdk/sdk/2.0.0/src/rp2_common/pico_platform_panic/panic.c.obj
                0x10000558                panic
 .text.panic_unsupported
                0x10000588        0xc CMakeFiles/myproject.dir/home/andrew/.pico-sdk/sdk/2.0.0/src/rp2_common/pico_platform_panic/panic.c.obj
                0x10000588                panic_unsupported
 .text.hw_claim_lock
                0x10000594       0x18 CMakeFiles/myproject.dir/home/andrew/.pico-sdk/sdk/2.0.0/src/common/hardware_claim/claim.c.obj
                0x10000594                hw_claim_lock
 .text.hw_claim_unlock
                0x100005ac       0x14 CMakeFiles/myproject.dir/home/andrew/.pico-sdk/sdk/2.0.0/src/common/hardware_claim/claim.c.obj
                0x100005ac                hw_claim_unlock
 .text.hw_claim_or_assert
                0x100005c0       0x44 CMakeFiles/myproject.dir/home/andrew/.pico-sdk/sdk/2.0.0/src/common/hardware_claim/claim.c.obj
                0x100005c0                hw_claim_or_assert
 .text.hw_claim_unused_from_range
                0x10000604       0x9c CMakeFiles/myproject.dir/home/andrew/.pico-sdk/sdk/2.0.0/src/common/hardware_claim/claim.c.obj
                0x10000604                hw_claim_unused_from_range
 .text.hw_claim_clear
                0x100006a0       0x38 CMakeFiles/myproject.dir/home/andrew/.pico-sdk/sdk/2.0.0/src/common/hardware_claim/claim.c.obj
                0x100006a0                hw_claim_clear
 .text.next_striped_spin_lock_num
                0x100006d8       0x18 CMakeFiles/myproject.dir/home/andrew/.pico-sdk/sdk/2.0.0/src/rp2_common/hardware_sync/sync.c.obj
                0x100006d8                next_striped_spin_lock_num
 .text.spin_lock_claim_unused
                0x100006f0       0x24 CMakeFiles/myproject.dir/home/andrew/.pico-sdk/sdk/2.0.0/src/rp2_common/hardware_sync/sync.c.obj
                0x100006f0                spin_lock_claim_unused
 .text.spin_locks_reset
                0x10000714       0x1c CMakeFiles/myproject.dir/home/andrew/.pico-sdk/sdk/2.0.0/src/rp2_common/hardware_sync_spin_lock/sync_spin_lock.c.obj
                0x10000714                spin_locks_reset
 .text.runtime_init_per_core_irq_priorities
                0x10000730       0x24 CMakeFiles/myproject.dir/home/andrew/.pico-sdk/sdk/2.0.0/src/rp2_common/hardware_irq/irq.c.obj
                0x10000730                runtime_init_per_core_irq_priorities
 .text.irq_set_enabled
                0x10000754       0x24 CMakeFiles/myproject.dir/home/andrew/.pico-sdk/sdk/2.0.0/src/rp2_common/hardware_irq/irq.c.obj
                0x10000754                irq_set_enabled
 .text.irq_is_enabled
                0x10000778       0x18 CMakeFiles/myproject.dir/home/andrew/.pico-sdk/sdk/2.0.0/src/rp2_common/hardware_irq/irq.c.obj
                0x10000778                irq_is_enabled
 .text.irq_set_pending
                0x10000790       0x10 CMakeFiles/myproject.dir/home/andrew/.pico-sdk/sdk/2.0.0/src/rp2_common/hardware_irq/irq.c.obj
                0x10000790                irq_set_pending
 .text.irq_has_shared_handler
                0x100007a0       0x2c CMakeFiles/myproject.dir/home/andrew/.pico-sdk/sdk/2.0.0/src/rp2_common/hardware_irq/irq.c.obj
                0x100007a0                irq_has_shared_handler
 .text.irq_set_exclusive_handler
                0x100007cc       0x54 CMakeFiles/myproject.dir/home/andrew/.pico-sdk/sdk/2.0.0/src/rp2_common/hardware_irq/irq.c.obj
                0x100007cc                irq_set_exclusive_handler
 .text.irq_add_shared_handler
                0x10000820      0x1f4 CMakeFiles/myproject.dir/home/andrew/.pico-sdk/sdk/2.0.0/src/rp2_common/hardware_irq/irq.c.obj
                0x10000820                irq_add_shared_handler
 .text.irq_remove_handler
                0x10000a14      0x1d4 CMakeFiles/myproject.dir/home/andrew/.pico-sdk/sdk/2.0.0/src/rp2_common/hardware_irq/irq.c.obj
                0x10000a14                irq_remove_handler
 .text.irq_set_priority
                0x10000be8       0x28 CMakeFiles/myproject.dir/home/andrew/.pico-sdk/sdk/2.0.0/src/rp2_common/hardware_irq/irq.c.obj
                0x10000be8                irq_set_priority
 .text.irq_add_tail_to_free_list
                0x10000c10       0xb4 CMakeFiles/myproject.dir/home/andrew/.pico-sdk/sdk/2.0.0/src/rp2_common/hardware_irq/irq.c.obj
                0x10000c10                irq_add_tail_to_free_list
 .text.user_irq_unclaim
                0x10000cc4       0x14 CMakeFiles/myproject.dir/home/andrew/.pico-sdk/sdk/2.0.0/src/rp2_common/hardware_irq/irq.c.obj
                0x10000cc4                user_irq_unclaim
 .text.user_irq_claim_unused
                0x10000cd8       0x2c CMakeFiles/myproject.dir/home/andrew/.pico-sdk/sdk/2.0.0/src/rp2_common/hardware_irq/irq.c.obj
                0x10000cd8                user_irq_claim_unused
 .text.sem_init
                0x10000d04       0x20 CMakeFiles/myproject.dir/home/andrew/.pico-sdk/sdk/2.0.0/src/common/pico_sync/sem.c.obj
                0x10000d04                sem_init
 .text.lock_init
                0x10000d24       0x10 CMakeFiles/myproject.dir/home/andrew/.pico-sdk/sdk/2.0.0/src/common/pico_sync/lock_core.c.obj
                0x10000d24                lock_init
 .text.runtime_init_mutex
                0x10000d34       0x54 CMakeFiles/myproject.dir/home/andrew/.pico-sdk/sdk/2.0.0/src/common/pico_sync/mutex.c.obj
                0x10000d34                runtime_init_mutex
 .text.mutex_init
                0x10000d88       0x1c CMakeFiles/myproject.dir/home/andrew/.pico-sdk/sdk/2.0.0/src/common/pico_sync/mutex.c.obj
                0x10000d88                mutex_init
 .text.recursive_mutex_init
                0x10000da4       0x20 CMakeFiles/myproject.dir/home/andrew/.pico-sdk/sdk/2.0.0/src/common/pico_sync/mutex.c.obj
                0x10000da4                recursive_mutex_init
 .text.critical_section_init
                0x10000dc4       0x1c CMakeFiles/myproject.dir/home/andrew/.pico-sdk/sdk/2.0.0/src/common/pico_sync/critical_section.c.obj
                0x10000dc4                critical_section_init
 .text.critical_section_init_with_lock_num
                0x10000de0       0x14 CMakeFiles/myproject.dir/home/andrew/.pico-sdk/sdk/2.0.0/src/common/pico_sync/critical_section.c.obj
                0x10000de0                critical_section_init_with_lock_num
 .text.alarm_pool_irq_handler
                0x10000df4      0x2e4 CMakeFiles/myproject.dir/home/andrew/.pico-sdk/sdk/2.0.0/src/common/pico_time/time.c.obj
 .text.sleep_until_callback
                0x100010d8       0x24 CMakeFiles/myproject.dir/home/andrew/.pico-sdk/sdk/2.0.0/src/common/pico_time/time.c.obj
 .text.runtime_init_default_alarm_pool
                0x100010fc       0xdc CMakeFiles/myproject.dir/home/andrew/.pico-sdk/sdk/2.0.0/src/common/pico_time/time.c.obj
                0x100010fc                runtime_init_default_alarm_pool
 .text.alarm_pool_get_default
                0x100011d8        0x8 CMakeFiles/myproject.dir/home/andrew/.pico-sdk/sdk/2.0.0/src/common/pico_time/time.c.obj
                0x100011d8                alarm_pool_get_default
 .text.alarm_pool_create_on_timer_with_unused_hardware_alarm
                0x100011e0       0xa8 CMakeFiles/myproject.dir/home/andrew/.pico-sdk/sdk/2.0.0/src/common/pico_time/time.c.obj
                0x100011e0                alarm_pool_create_on_timer_with_unused_hardware_alarm
 .text.alarm_pool_destroy
                0x10001288       0x58 CMakeFiles/myproject.dir/home/andrew/.pico-sdk/sdk/2.0.0/src/common/pico_time/time.c.obj
                0x10001288                alarm_pool_destroy
 .text.alarm_pool_add_alarm_at
                0x100012e0       0xd4 CMakeFiles/myproject.dir/home/andrew/.pico-sdk/sdk/2.0.0/src/common/pico_time/time.c.obj
                0x100012e0                alarm_pool_add_alarm_at
 .text.alarm_pool_add_alarm_at_force_in_context
                0x100013b4       0xb0 CMakeFiles/myproject.dir/home/andrew/.pico-sdk/sdk/2.0.0/src/common/pico_time/time.c.obj
                0x100013b4                alarm_pool_add_alarm_at_force_in_context
 .text.alarm_pool_cancel_alarm
                0x10001464       0x74 CMakeFiles/myproject.dir/home/andrew/.pico-sdk/sdk/2.0.0/src/common/pico_time/time.c.obj
                0x10001464                alarm_pool_cancel_alarm
 .text.alarm_pool_core_num
                0x100014d8        0x4 CMakeFiles/myproject.dir/home/andrew/.pico-sdk/sdk/2.0.0/src/common/pico_time/time.c.obj
                0x100014d8                alarm_pool_core_num
 .text.sleep_until
                0x100014dc       0xcc CMakeFiles/myproject.dir/home/andrew/.pico-sdk/sdk/2.0.0/src/common/pico_time/time.c.obj
                0x100014dc                sleep_until
 .text.sleep_ms
                0x100015a8       0x38 CMakeFiles/myproject.dir/home/andrew/.pico-sdk/sdk/2.0.0/src/common/pico_time/time.c.obj
                0x100015a8                sleep_ms
 .text.best_effort_wfe_or_timeout
                0x100015e0      0x134 CMakeFiles/myproject.dir/home/andrew/.pico-sdk/sdk/2.0.0/src/common/pico_time/time.c.obj
                0x100015e0                best_effort_wfe_or_timeout
 .text.alarm_pool_get_default_timer
                0x10001714        0x8 CMakeFiles/myproject.dir/home/andrew/.pico-sdk/sdk/2.0.0/src/common/pico_time/time.c.obj
                0x10001714                alarm_pool_get_default_timer
 .text.timer_hardware_alarm_claim
                0x1000171c       0x14 CMakeFiles/myproject.dir/home/andrew/.pico-sdk/sdk/2.0.0/src/rp2_common/hardware_timer/timer.c.obj
                0x1000171c                timer_hardware_alarm_claim
 .text.hardware_alarm_unclaim
                0x10001730       0x14 CMakeFiles/myproject.dir/home/andrew/.pico-sdk/sdk/2.0.0/src/rp2_common/hardware_timer/timer.c.obj
                0x10001730                hardware_alarm_unclaim
 .text.timer_hardware_alarm_claim_unused
                0x10001744       0x20 CMakeFiles/myproject.dir/home/andrew/.pico-sdk/sdk/2.0.0/src/rp2_common/hardware_timer/timer.c.obj
                0x10001744                timer_hardware_alarm_claim_unused
 .text.timer_time_us_64
                0x10001764       0x10 CMakeFiles/myproject.dir/home/andrew/.pico-sdk/sdk/2.0.0/src/rp2_common/hardware_timer/timer.c.obj
                0x10001764                timer_time_us_64
 .text.time_us_64
                0x10001774       0x14 CMakeFiles/myproject.dir/home/andrew/.pico-sdk/sdk/2.0.0/src/rp2_common/hardware_timer/timer.c.obj
                0x10001774                time_us_64
 .text.busy_wait_us
                0x10001788       0x68 CMakeFiles/myproject.dir/home/andrew/.pico-sdk/sdk/2.0.0/src/rp2_common/hardware_timer/timer.c.obj
                0x10001788                busy_wait_us
 .text.busy_wait_until
                0x100017f0       0x20 CMakeFiles/myproject.dir/home/andrew/.pico-sdk/sdk/2.0.0/src/rp2_common/hardware_timer/timer.c.obj
                0x100017f0                busy_wait_until
 .text.clock_configure_int_divider
                0x10001810       0xf4 CMakeFiles/myproject.dir/home/andrew/.pico-sdk/sdk/2.0.0/src/rp2_common/hardware_clocks/clocks.c.obj
                0x10001810                clock_configure_int_divider
 .text.clock_configure_undivided
                0x10001904       0xe8 CMakeFiles/myproject.dir/home/andrew/.pico-sdk/sdk/2.0.0/src/rp2_common/hardware_clocks/clocks.c.obj
                0x10001904                clock_configure_undivided
 .text.clock_get_hz
                0x100019ec        0xc CMakeFiles/myproject.dir/home/andrew/.pico-sdk/sdk/2.0.0/src/rp2_common/hardware_clocks/clocks.c.obj
                0x100019ec                clock_get_hz
 .text.pll_init
                0x100019f8       0xa4 CMakeFiles/myproject.dir/home/andrew/.pico-sdk/sdk/2.0.0/src/rp2_common/hardware_pll/pll.c.obj
                0x100019f8                pll_init
 .text.watchdog_reboot
                0x10001a9c       0x9c CMakeFiles/myproject.dir/home/andrew/.pico-sdk/sdk/2.0.0/src/rp2_common/hardware_watchdog/watchdog.c.obj
                0x10001a9c                watchdog_reboot
 .text.tick_start
                0x10001b38       0x10 CMakeFiles/myproject.dir/home/andrew/.pico-sdk/sdk/2.0.0/src/rp2_common/hardware_ticks/ticks.c.obj
                0x10001b38                tick_start
 .text.xosc_init
                0x10001b48       0x28 CMakeFiles/myproject.dir/home/andrew/.pico-sdk/sdk/2.0.0/src/rp2_common/hardware_xosc/xosc.c.obj
                0x10001b48                xosc_init
 .text.first_per_core_initializer
                0x10001b70        0x4 CMakeFiles/myproject.dir/home/andrew/.pico-sdk/sdk/2.0.0/src/rp2_common/pico_runtime/runtime.c.obj
 .text.hard_assertion_failure
                0x10001b74        0xc CMakeFiles/myproject.dir/home/andrew/.pico-sdk/sdk/2.0.0/src/rp2_common/pico_runtime/runtime.c.obj
                0x10001b74                hard_assertion_failure
 .text.runtime_run_initializers
                0x10001b80       0x28 CMakeFiles/myproject.dir/home/andrew/.pico-sdk/sdk/2.0.0/src/rp2_common/pico_runtime/runtime.c.obj
                0x10001b80                runtime_run_initializers
 .text.runtime_init_early_resets
                0x10001ba8       0x2c CMakeFiles/myproject.dir/home/andrew/.pico-sdk/sdk/2.0.0/src/rp2_common/pico_runtime_init/runtime_init.c.obj
                0x10001ba8                runtime_init_early_resets
 .text.runtime_init_usb_power_down
                0x10001bd4       0x1c CMakeFiles/myproject.dir/home/andrew/.pico-sdk/sdk/2.0.0/src/rp2_common/pico_runtime_init/runtime_init.c.obj
                0x10001bd4                runtime_init_usb_power_down
 .text.runtime_init_post_clock_resets
                0x10001bf0       0x20 CMakeFiles/myproject.dir/home/andrew/.pico-sdk/sdk/2.0.0/src/rp2_common/pico_runtime_init/runtime_init.c.obj
                0x10001bf0                runtime_init_post_clock_resets
 .text.runtime_init_rp2040_gpio_ie_disable
                0x10001c10       0x14 CMakeFiles/myproject.dir/home/andrew/.pico-sdk/sdk/2.0.0/src/rp2_common/pico_runtime_init/runtime_init.c.obj
                0x10001c10                runtime_init_rp2040_gpio_ie_disable
 .text.runtime_init_spin_locks_reset
                0x10001c24        0x8 CMakeFiles/myproject.dir/home/andrew/.pico-sdk/sdk/2.0.0/src/rp2_common/pico_runtime_init/runtime_init.c.obj
                0x10001c24                runtime_init_spin_locks_reset
 .text.runtime_init_install_ram_vector_table
                0x10001c2c       0x1c CMakeFiles/myproject.dir/home/andrew/.pico-sdk/sdk/2.0.0/src/rp2_common/pico_runtime_init/runtime_init.c.obj
                0x10001c2c                runtime_init_install_ram_vector_table
 .text.runtime_init_clocks
                0x10001c48       0xd8 CMakeFiles/myproject.dir/home/andrew/.pico-sdk/sdk/2.0.0/src/rp2_common/pico_runtime_init/runtime_init_clocks.c.obj
                0x10001c48                runtime_init_clocks
 .text          0x10001d20       0x10 CMakeFiles/myproject.dir/home/andrew/.pico-sdk/sdk/2.0.0/src/rp2_common/pico_bit_ops/bit_ops_aeabi.S.obj
 .text.ctzsi    0x10001d30        0xc CMakeFiles/myproject.dir/home/andrew/.pico-sdk/sdk/2.0.0/src/rp2_common/pico_bit_ops/bit_ops_aeabi.S.obj
                0x10001d30                __wrap___ctzsi2
 .text.rom_func_lookup
                0x10001d3c       0x10 CMakeFiles/myproject.dir/home/andrew/.pico-sdk/sdk/2.0.0/src/rp2_common/pico_bootrom/bootrom.c.obj
                0x10001d3c                rom_func_lookup
 .text.rom_data_lookup
                0x10001d4c       0x10 CMakeFiles/myproject.dir/home/andrew/.pico-sdk/sdk/2.0.0/src/rp2_common/pico_bootrom/bootrom.c.obj
                0x10001d4c                rom_data_lookup
 .text.rom_funcs_lookup
                0x10001d5c       0x44 CMakeFiles/myproject.dir/home/andrew/.pico-sdk/sdk/2.0.0/src/rp2_common/pico_bootrom/bootrom.c.obj
                0x10001d5c                rom_funcs_lookup
 .text.rom_reset_usb_boot
                0x10001da0       0x20 CMakeFiles/myproject.dir/home/andrew/.pico-sdk/sdk/2.0.0/src/rp2_common/pico_bootrom/bootrom.c.obj
                0x10001da0                rom_reset_usb_boot
 .text.__wrap___aeabi_idiv
                0x10001dc0       0x50 CMakeFiles/myproject.dir/home/andrew/.pico-sdk/sdk/2.0.0/src/rp2_common/pico_divider/divider_hardware.S.obj
                0x10001dc0                __wrap___aeabi_idivmod
                0x10001dc0                divmod_s32s32
                0x10001dc0                div_s32s32
                0x10001dc0                __wrap___aeabi_idiv
                0x10001dc8                divmod_s32s32_unsafe
                0x10001df4                divmod_s32s32_savestate
 .text.__wrap___aeabi_uidiv
                0x10001e10       0x4c CMakeFiles/myproject.dir/home/andrew/.pico-sdk/sdk/2.0.0/src/rp2_common/pico_divider/divider_hardware.S.obj
                0x10001e10                __wrap___aeabi_uidiv
                0x10001e10                __wrap___aeabi_uidivmod
                0x10001e10                div_u32u32
                0x10001e10                divmod_u32u32
                0x10001e18                divmod_u32u32_unsafe
                0x10001e40                divmod_u32u32_savestate
 .text.__wrap___aeabi_ldiv
                0x10001e5c      0x424 CMakeFiles/myproject.dir/home/andrew/.pico-sdk/sdk/2.0.0/src/rp2_common/pico_divider/divider_hardware.S.obj
                0x10001e5c                div_s64s64
                0x10001e5c                divmod_s64s64
                0x10001e5c                __wrap___aeabi_ldivmod
                0x10001e8c                div_u64u64
                0x10001e8c                divmod_u64u64
                0x10001e8c                __wrap___aeabi_uldivmod
                0x10001e9c                divmod_u64u64_savestate
                0x10001ebc                divmod_s64s64_unsafe
                0x10001f44                divmod_u64u64_unsafe
 .text.__wrap___aeabi_darithmetic
                0x10002280       0x60 CMakeFiles/myproject.dir/home/andrew/.pico-sdk/sdk/2.0.0/src/rp2_common/pico_double/double_aeabi_rp2040.S.obj
                0x10002280                __wrap___aeabi_drsub
                0x10002286                __wrap___aeabi_dsub
                0x10002290                __wrap___aeabi_dadd
                0x1000229a                __wrap___aeabi_ddiv
                0x100022ce                __wrap___aeabi_dmul
 .text.__wrap___aeabi_cdcmple
                0x100022e0       0x6c CMakeFiles/myproject.dir/home/andrew/.pico-sdk/sdk/2.0.0/src/rp2_common/pico_double/double_aeabi_rp2040.S.obj
                0x100022e0                __wrap___aeabi_cdrcmple
                0x100022f0                __wrap___aeabi_cdcmple
                0x100022f0                __wrap___aeabi_cdcmpeq
 .text.__wrap___aeabi_dcmplt
                0x1000234c        0xc CMakeFiles/myproject.dir/home/andrew/.pico-sdk/sdk/2.0.0/src/rp2_common/pico_double/double_aeabi_rp2040.S.obj
                0x1000234c                __wrap___aeabi_dcmplt
 .text.__wrap___aeabi_dcmpge
                0x10002358       0x10 CMakeFiles/myproject.dir/home/andrew/.pico-sdk/sdk/2.0.0/src/rp2_common/pico_double/double_aeabi_rp2040.S.obj
                0x10002358                __wrap___aeabi_dcmpge
 .text.__wrap___aeabi_dcmpgt
                0x10002368        0xa CMakeFiles/myproject.dir/home/andrew/.pico-sdk/sdk/2.0.0/src/rp2_common/pico_double/double_aeabi_rp2040.S.obj
                0x10002368                __wrap___aeabi_dcmpgt
 .text.__wrap___aeabi_dcmpun
                0x10002372       0x18 CMakeFiles/myproject.dir/home/andrew/.pico-sdk/sdk/2.0.0/src/rp2_common/pico_double/double_aeabi_rp2040.S.obj
                0x10002372                __wrap___aeabi_dcmpun
 *fill*         0x1000238a        0x2 
 .text.__wrap___aeabi_i2d
                0x1000238c       0x38 CMakeFiles/myproject.dir/home/andrew/.pico-sdk/sdk/2.0.0/src/rp2_common/pico_double/double_aeabi_rp2040.S.obj
                0x1000238c                __wrap___aeabi_ui2d
                0x10002394                __wrap___aeabi_i2d
 .text.__wrap___aeabi_d2iz
                0x100023c4       0x48 CMakeFiles/myproject.dir/home/andrew/.pico-sdk/sdk/2.0.0/src/rp2_common/pico_double/double_aeabi_rp2040.S.obj
                0x100023c4                __wrap___aeabi_d2iz
                0x100023c4                double2int_z
 .text.__wrap___aeabi_d2uiz
                0x1000240c       0x10 CMakeFiles/myproject.dir/home/andrew/.pico-sdk/sdk/2.0.0/src/rp2_common/pico_double/double_aeabi_rp2040.S.obj
                0x1000240c                double2uint
                0x1000240c                __wrap___aeabi_d2uiz
 .text.missing_double_func_shim
                0x1000241c        0xc CMakeFiles/myproject.dir/home/andrew/.pico-sdk/sdk/2.0.0/src/rp2_common/pico_double/double_init_rom_rp2040.c.obj
 .text.__aeabi_double_init
                0x10002428       0xa0 CMakeFiles/myproject.dir/home/andrew/.pico-sdk/sdk/2.0.0/src/rp2_common/pico_double/double_init_rom_rp2040.c.obj
                0x10002428                __aeabi_double_init
 .text.double_table_shim_on_use_helper
                0x100024c8       0x2c CMakeFiles/myproject.dir/home/andrew/.pico-sdk/sdk/2.0.0/src/rp2_common/pico_double/double_v1_rom_shim_rp2040.S.obj
                0x100024c8                double_table_shim_on_use_helper
 .text.__aeabi_lmul
                0x100024f4       0x32 CMakeFiles/myproject.dir/home/andrew/.pico-sdk/sdk/2.0.0/src/rp2_common/pico_int64_ops/pico_int64_ops_aeabi.S.obj
                0x100024f4                __wrap___aeabi_lmul
 *fill*         0x10002526        0x2 
 .text.missing_float_func_shim
                0x10002528        0xc CMakeFiles/myproject.dir/home/andrew/.pico-sdk/sdk/2.0.0/src/rp2_common/pico_float/float_init_rom_rp2040.c.obj
 .text.__aeabi_float_init
                0x10002534       0x5c CMakeFiles/myproject.dir/home/andrew/.pico-sdk/sdk/2.0.0/src/rp2_common/pico_float/float_init_rom_rp2040.c.obj
                0x10002534                __aeabi_float_init
 .text.__wrap_malloc
                0x10002590       0x3c CMakeFiles/myproject.dir/home/andrew/.pico-sdk/sdk/2.0.0/src/rp2_common/pico_malloc/malloc.c.obj
                0x10002590                __wrap_malloc
 .text.__wrap_calloc
                0x100025cc       0x44 CMakeFiles/myproject.dir/home/andrew/.pico-sdk/sdk/2.0.0/src/rp2_common/pico_malloc/malloc.c.obj
                0x100025cc                __wrap_calloc
 .text.__wrap_free
                0x10002610       0x20 CMakeFiles/myproject.dir/home/andrew/.pico-sdk/sdk/2.0.0/src/rp2_common/pico_malloc/malloc.c.obj
                0x10002610                __wrap_free
 .text          0x10002630       0x10 CMakeFiles/myproject.dir/home/andrew/.pico-sdk/sdk/2.0.0/src/rp2_common/pico_mem_ops/mem_ops_aeabi.S.obj
                0x10002630                __aeabi_mem_init
 .text.memset   0x10002640        0xc CMakeFiles/myproject.dir/home/andrew/.pico-sdk/sdk/2.0.0/src/rp2_common/pico_mem_ops/mem_ops_aeabi.S.obj
                0x10002640                __wrap_memset
 .text.memcpy   0x1000264c        0xc CMakeFiles/myproject.dir/home/andrew/.pico-sdk/sdk/2.0.0/src/rp2_common/pico_mem_ops/mem_ops_aeabi.S.obj
                0x1000264c                __wrap___aeabi_memcpy
                0x1000264c                __wrap_memcpy
 .text._out_null
                0x10002658        0x4 CMakeFiles/myproject.dir/home/andrew/.pico-sdk/sdk/2.0.0/src/rp2_common/pico_printf/printf.c.obj
 .text._out_rev
                0x1000265c       0xac CMakeFiles/myproject.dir/home/andrew/.pico-sdk/sdk/2.0.0/src/rp2_common/pico_printf/printf.c.obj
 .text._ntoa_format
                0x10002708      0x250 CMakeFiles/myproject.dir/home/andrew/.pico-sdk/sdk/2.0.0/src/rp2_common/pico_printf/printf.c.obj
 .text._out_char
                0x10002958       0x10 CMakeFiles/myproject.dir/home/andrew/.pico-sdk/sdk/2.0.0/src/rp2_common/pico_printf/printf.c.obj
 .text._out_fct
                0x10002968       0x10 CMakeFiles/myproject.dir/home/andrew/.pico-sdk/sdk/2.0.0/src/rp2_common/pico_printf/printf.c.obj
 .text._etoa    0x10002978      0x464 CMakeFiles/myproject.dir/home/andrew/.pico-sdk/sdk/2.0.0/src/rp2_common/pico_printf/printf.c.obj
 .text._ftoa    0x10002ddc      0x3c0 CMakeFiles/myproject.dir/home/andrew/.pico-sdk/sdk/2.0.0/src/rp2_common/pico_printf/printf.c.obj
 .text._vsnprintf
                0x1000319c      0xbc8 CMakeFiles/myproject.dir/home/andrew/.pico-sdk/sdk/2.0.0/src/rp2_common/pico_printf/printf.c.obj
 .text.vfctprintf
                0x10003d64       0x20 CMakeFiles/myproject.dir/home/andrew/.pico-sdk/sdk/2.0.0/src/rp2_common/pico_printf/printf.c.obj
                0x10003d64                vfctprintf
 .text.weak_raw_vprintf
                0x10003d84       0x30 CMakeFiles/myproject.dir/home/andrew/.pico-sdk/sdk/2.0.0/src/rp2_common/pico_printf/printf.c.obj
                0x10003d84                weak_raw_vprintf
 .text._exit    0x10003db4        0x4 CMakeFiles/myproject.dir/home/andrew/.pico-sdk/sdk/2.0.0/src/rp2_common/pico_clib_interface/newlib_interface.c.obj
                0x10003db4                _exit
 .text._sbrk    0x10003db8       0x34 CMakeFiles/myproject.dir/home/andrew/.pico-sdk/sdk/2.0.0/src/rp2_common/pico_clib_interface/newlib_interface.c.obj
                0x10003db8                _sbrk
 .text.exit     0x10003dec        0x8 CMakeFiles/myproject.dir/home/andrew/.pico-sdk/sdk/2.0.0/src/rp2_common/pico_clib_interface/newlib_interface.c.obj
                0x10003dec                exit
 .text.runtime_init
                0x10003df4       0x2c CMakeFiles/myproject.dir/home/andrew/.pico-sdk/sdk/2.0.0/src/rp2_common/pico_clib_interface/newlib_interface.c.obj
                0x10003df4                runtime_init
 .text.stdio_out_chars_no_crlf
                0x10003e20       0x10 CMakeFiles/myproject.dir/home/andrew/.pico-sdk/sdk/2.0.0/src/rp2_common/pico_stdio/stdio.c.obj
 .text.stdio_out_chars_crlf
                0x10003e30       0x94 CMakeFiles/myproject.dir/home/andrew/.pico-sdk/sdk/2.0.0/src/rp2_common/pico_stdio/stdio.c.obj
 .text.stdio_buffered_printer
                0x10003ec4       0x64 CMakeFiles/myproject.dir/home/andrew/.pico-sdk/sdk/2.0.0/src/rp2_common/pico_stdio/stdio.c.obj
 .text.stdio_put_string
                0x10003f28      0x100 CMakeFiles/myproject.dir/home/andrew/.pico-sdk/sdk/2.0.0/src/rp2_common/pico_stdio/stdio.c.obj
                0x10003f28                stdio_put_string
 .text.stdio_set_driver_enabled
                0x10004028       0x30 CMakeFiles/myproject.dir/home/andrew/.pico-sdk/sdk/2.0.0/src/rp2_common/pico_stdio/stdio.c.obj
                0x10004028                stdio_set_driver_enabled
 .text.stdio_init_all
                0x10004058        0x8 CMakeFiles/myproject.dir/home/andrew/.pico-sdk/sdk/2.0.0/src/rp2_common/pico_stdio/stdio.c.obj
                0x10004058                stdio_init_all
 .text.__wrap_getchar
                0x10004060       0x7c CMakeFiles/myproject.dir/home/andrew/.pico-sdk/sdk/2.0.0/src/rp2_common/pico_stdio/stdio.c.obj
                0x10004060                __wrap_getchar
                0x10004060                stdio_getchar
 .text.__wrap_putchar
                0x100040dc       0x98 CMakeFiles/myproject.dir/home/andrew/.pico-sdk/sdk/2.0.0/src/rp2_common/pico_stdio/stdio.c.obj
                0x100040dc                stdio_putchar
                0x100040dc                __wrap_putchar
 .text.__wrap_puts
                0x10004174       0x3c CMakeFiles/myproject.dir/home/andrew/.pico-sdk/sdk/2.0.0/src/rp2_common/pico_stdio/stdio.c.obj
                0x10004174                __wrap_puts
                0x10004174                stdio_puts
 .text.__wrap_vprintf
                0x100041b0       0xd4 CMakeFiles/myproject.dir/home/andrew/.pico-sdk/sdk/2.0.0/src/rp2_common/pico_stdio/stdio.c.obj
                0x100041b0                __wrap_vprintf
                0x100041b0                stdio_vprintf
 .text.__wrap_printf
                0x10004284       0x18 CMakeFiles/myproject.dir/home/andrew/.pico-sdk/sdk/2.0.0/src/rp2_common/pico_stdio/stdio.c.obj
                0x10004284                stdio_printf
                0x10004284                __wrap_printf
 .text.resetd_init
                0x1000429c        0x4 CMakeFiles/myproject.dir/home/andrew/.pico-sdk/sdk/2.0.0/src/rp2_common/pico_stdio_usb/reset_interface.c.obj
 .text.resetd_reset
                0x100042a0        0xc CMakeFiles/myproject.dir/home/andrew/.pico-sdk/sdk/2.0.0/src/rp2_common/pico_stdio_usb/reset_interface.c.obj
 .text.resetd_open
                0x100042ac       0x28 CMakeFiles/myproject.dir/home/andrew/.pico-sdk/sdk/2.0.0/src/rp2_common/pico_stdio_usb/reset_interface.c.obj
 .text.resetd_xfer_cb
                0x100042d4        0x4 CMakeFiles/myproject.dir/home/andrew/.pico-sdk/sdk/2.0.0/src/rp2_common/pico_stdio_usb/reset_interface.c.obj
 .text.resetd_control_xfer_cb
                0x100042d8       0x54 CMakeFiles/myproject.dir/home/andrew/.pico-sdk/sdk/2.0.0/src/rp2_common/pico_stdio_usb/reset_interface.c.obj
 .text.tud_descriptor_bos_cb
                0x1000432c        0x8 CMakeFiles/myproject.dir/home/andrew/.pico-sdk/sdk/2.0.0/src/rp2_common/pico_stdio_usb/reset_interface.c.obj
                0x1000432c                tud_descriptor_bos_cb
 .text.tud_vendor_control_xfer_cb
                0x10004334       0x34 CMakeFiles/myproject.dir/home/andrew/.pico-sdk/sdk/2.0.0/src/rp2_common/pico_stdio_usb/reset_interface.c.obj
                0x10004334                tud_vendor_control_xfer_cb
 .text.usbd_app_driver_get_cb
                0x10004368        0xc CMakeFiles/myproject.dir/home/andrew/.pico-sdk/sdk/2.0.0/src/rp2_common/pico_stdio_usb/reset_interface.c.obj
                0x10004368                usbd_app_driver_get_cb
 .text.tud_cdc_line_coding_cb
                0x10004374       0x28 CMakeFiles/myproject.dir/home/andrew/.pico-sdk/sdk/2.0.0/src/rp2_common/pico_stdio_usb/reset_interface.c.obj
                0x10004374                tud_cdc_line_coding_cb
 .text.stdio_usb_set_chars_available_callback
                0x1000439c       0x14 CMakeFiles/myproject.dir/home/andrew/.pico-sdk/sdk/2.0.0/src/rp2_common/pico_stdio_usb/stdio_usb.c.obj
                0x1000439c                stdio_usb_set_chars_available_callback
 .text.usb_irq  0x100043b0       0x10 CMakeFiles/myproject.dir/home/andrew/.pico-sdk/sdk/2.0.0/src/rp2_common/pico_stdio_usb/stdio_usb.c.obj
 .text.timer_task
                0x100043c0       0x64 CMakeFiles/myproject.dir/home/andrew/.pico-sdk/sdk/2.0.0/src/rp2_common/pico_stdio_usb/stdio_usb.c.obj
 .text.stdio_usb_in_chars
                0x10004424       0x90 CMakeFiles/myproject.dir/home/andrew/.pico-sdk/sdk/2.0.0/src/rp2_common/pico_stdio_usb/stdio_usb.c.obj
                0x10004424                stdio_usb_in_chars
 .text.stdio_usb_out_flush
                0x100044b4       0x50 CMakeFiles/myproject.dir/home/andrew/.pico-sdk/sdk/2.0.0/src/rp2_common/pico_stdio_usb/stdio_usb.c.obj
 .text.stdio_usb_out_chars
                0x10004504      0x104 CMakeFiles/myproject.dir/home/andrew/.pico-sdk/sdk/2.0.0/src/rp2_common/pico_stdio_usb/stdio_usb.c.obj
 .text.low_priority_worker_irq
                0x10004608       0xcc CMakeFiles/myproject.dir/home/andrew/.pico-sdk/sdk/2.0.0/src/rp2_common/pico_stdio_usb/stdio_usb.c.obj
 .text.stdio_usb_init
                0x100046d4       0xe8 CMakeFiles/myproject.dir/home/andrew/.pico-sdk/sdk/2.0.0/src/rp2_common/pico_stdio_usb/stdio_usb.c.obj
                0x100046d4                stdio_usb_init
 .text.tud_descriptor_device_cb
                0x100047bc        0x8 CMakeFiles/myproject.dir/home/andrew/.pico-sdk/sdk/2.0.0/src/rp2_common/pico_stdio_usb/stdio_usb_descriptors.c.obj
                0x100047bc                tud_descriptor_device_cb
 .text.tud_descriptor_configuration_cb
                0x100047c4        0x8 CMakeFiles/myproject.dir/home/andrew/.pico-sdk/sdk/2.0.0/src/rp2_common/pico_stdio_usb/stdio_usb_descriptors.c.obj
                0x100047c4                tud_descriptor_configuration_cb
 .text.tud_descriptor_string_cb
                0x100047cc       0x78 CMakeFiles/myproject.dir/home/andrew/.pico-sdk/sdk/2.0.0/src/rp2_common/pico_stdio_usb/stdio_usb_descriptors.c.obj
                0x100047cc                tud_descriptor_string_cb
 .text.startup._retrieve_unique_id_on_boot
                0x10004844       0x10 CMakeFiles/myproject.dir/home/andrew/.pico-sdk/sdk/2.0.0/src/rp2_common/pico_unique_id/unique_id.c.obj
 .text.pico_get_unique_board_id
                0x10004854       0x10 CMakeFiles/myproject.dir/home/andrew/.pico-sdk/sdk/2.0.0/src/rp2_common/pico_unique_id/unique_id.c.obj
                0x10004854                pico_get_unique_board_id
 .text.pico_get_unique_board_id_string
                0x10004864      0x1a8 CMakeFiles/myproject.dir/home/andrew/.pico-sdk/sdk/2.0.0/src/rp2_common/pico_unique_id/unique_id.c.obj
                0x10004864                pico_get_unique_board_id_string
 .text.flash_get_unique_id
                0x10004a0c       0x3c CMakeFiles/myproject.dir/home/andrew/.pico-sdk/sdk/2.0.0/src/rp2_common/hardware_flash/flash.c.obj
                0x10004a0c                flash_get_unique_id
 .text.dcd_init
                0x10004a48       0x8c CMakeFiles/myproject.dir/home/andrew/.pico-sdk/sdk/2.0.0/lib/tinyusb/src/portable/raspberrypi/rp2040/dcd_rp2040.c.obj
                0x10004a48                dcd_init
 .text.dcd_int_enable
                0x10004ad4        0xc CMakeFiles/myproject.dir/home/andrew/.pico-sdk/sdk/2.0.0/lib/tinyusb/src/portable/raspberrypi/rp2040/dcd_rp2040.c.obj
                0x10004ad4                dcd_int_enable
 .text.dcd_set_address
                0x10004ae0       0x14 CMakeFiles/myproject.dir/home/andrew/.pico-sdk/sdk/2.0.0/lib/tinyusb/src/portable/raspberrypi/rp2040/dcd_rp2040.c.obj
                0x10004ae0                dcd_set_address
 .text.dcd_sof_enable
                0x10004af4       0x1c CMakeFiles/myproject.dir/home/andrew/.pico-sdk/sdk/2.0.0/lib/tinyusb/src/portable/raspberrypi/rp2040/dcd_rp2040.c.obj
                0x10004af4                dcd_sof_enable
 .text.dcd_edpt0_status_complete
                0x10004b10       0x1c CMakeFiles/myproject.dir/home/andrew/.pico-sdk/sdk/2.0.0/lib/tinyusb/src/portable/raspberrypi/rp2040/dcd_rp2040.c.obj
                0x10004b10                dcd_edpt0_status_complete
 .text.dcd_edpt_open
                0x10004b2c      0x108 CMakeFiles/myproject.dir/home/andrew/.pico-sdk/sdk/2.0.0/lib/tinyusb/src/portable/raspberrypi/rp2040/dcd_rp2040.c.obj
                0x10004b2c                dcd_edpt_open
 .text.dcd_edpt_close_all
                0x10004c34        0x8 CMakeFiles/myproject.dir/home/andrew/.pico-sdk/sdk/2.0.0/lib/tinyusb/src/portable/raspberrypi/rp2040/dcd_rp2040.c.obj
                0x10004c34                dcd_edpt_close_all
 .text.dcd_edpt_xfer
                0x10004c3c       0x24 CMakeFiles/myproject.dir/home/andrew/.pico-sdk/sdk/2.0.0/lib/tinyusb/src/portable/raspberrypi/rp2040/dcd_rp2040.c.obj
                0x10004c3c                dcd_edpt_xfer
 .text.dcd_edpt_stall
                0x10004c60       0x34 CMakeFiles/myproject.dir/home/andrew/.pico-sdk/sdk/2.0.0/lib/tinyusb/src/portable/raspberrypi/rp2040/dcd_rp2040.c.obj
                0x10004c60                dcd_edpt_stall
 .text.dcd_edpt_clear_stall
                0x10004c94       0x30 CMakeFiles/myproject.dir/home/andrew/.pico-sdk/sdk/2.0.0/lib/tinyusb/src/portable/raspberrypi/rp2040/dcd_rp2040.c.obj
                0x10004c94                dcd_edpt_clear_stall
 .text.rp2040_usb_init
                0x10004cc4       0x40 CMakeFiles/myproject.dir/home/andrew/.pico-sdk/sdk/2.0.0/lib/tinyusb/src/portable/raspberrypi/rp2040/rp2040_usb.c.obj
                0x10004cc4                rp2040_usb_init
 .text.hw_endpoint_xfer_start
                0x10004d04       0x40 CMakeFiles/myproject.dir/home/andrew/.pico-sdk/sdk/2.0.0/lib/tinyusb/src/portable/raspberrypi/rp2040/rp2040_usb.c.obj
                0x10004d04                hw_endpoint_xfer_start
 .text.tud_event_hook_cb
                0x10004d44        0x4 CMakeFiles/myproject.dir/home/andrew/.pico-sdk/sdk/2.0.0/lib/tinyusb/src/device/usbd.c.obj
                0x10004d44                tud_event_hook_cb
 .text.tud_sof_cb
                0x10004d48        0x4 CMakeFiles/myproject.dir/home/andrew/.pico-sdk/sdk/2.0.0/lib/tinyusb/src/device/usbd.c.obj
                0x10004d48                tud_sof_cb
 .text.tud_descriptor_device_qualifier_cb
                0x10004d4c        0x4 CMakeFiles/myproject.dir/home/andrew/.pico-sdk/sdk/2.0.0/lib/tinyusb/src/device/usbd.c.obj
                0x10004d4c                tud_descriptor_device_qualifier_cb
 .text.tud_descriptor_other_speed_configuration_cb
                0x10004d50        0x4 CMakeFiles/myproject.dir/home/andrew/.pico-sdk/sdk/2.0.0/lib/tinyusb/src/device/usbd.c.obj
                0x10004d50                tud_descriptor_other_speed_configuration_cb
 .text.tud_mount_cb
                0x10004d54        0x4 CMakeFiles/myproject.dir/home/andrew/.pico-sdk/sdk/2.0.0/lib/tinyusb/src/device/usbd.c.obj
                0x10004d54                tud_mount_cb
 .text.tud_umount_cb
                0x10004d58        0x4 CMakeFiles/myproject.dir/home/andrew/.pico-sdk/sdk/2.0.0/lib/tinyusb/src/device/usbd.c.obj
                0x10004d58                tud_umount_cb
 .text.tud_suspend_cb
                0x10004d5c        0x4 CMakeFiles/myproject.dir/home/andrew/.pico-sdk/sdk/2.0.0/lib/tinyusb/src/device/usbd.c.obj
                0x10004d5c                tud_suspend_cb
 .text.tud_resume_cb
                0x10004d60        0x4 CMakeFiles/myproject.dir/home/andrew/.pico-sdk/sdk/2.0.0/lib/tinyusb/src/device/usbd.c.obj
                0x10004d60                tud_resume_cb
 .text.tud_mounted
                0x10004d64       0x10 CMakeFiles/myproject.dir/home/andrew/.pico-sdk/sdk/2.0.0/lib/tinyusb/src/device/usbd.c.obj
                0x10004d64                tud_mounted
 .text.tud_suspended
                0x10004d74       0x10 CMakeFiles/myproject.dir/home/andrew/.pico-sdk/sdk/2.0.0/lib/tinyusb/src/device/usbd.c.obj
                0x10004d74                tud_suspended
 .text.tud_init
                0x10004d84       0xe4 CMakeFiles/myproject.dir/home/andrew/.pico-sdk/sdk/2.0.0/lib/tinyusb/src/device/usbd.c.obj
                0x10004d84                tud_init
 .text.tud_task_ext
                0x10004e68      0x800 CMakeFiles/myproject.dir/home/andrew/.pico-sdk/sdk/2.0.0/lib/tinyusb/src/device/usbd.c.obj
                0x10004e68                tud_task_ext
 .text.usbd_open_edpt_pair
                0x10005668       0x9c CMakeFiles/myproject.dir/home/andrew/.pico-sdk/sdk/2.0.0/lib/tinyusb/src/device/usbd.c.obj
                0x10005668                usbd_open_edpt_pair
 .text.usbd_edpt_open
                0x10005704       0x34 CMakeFiles/myproject.dir/home/andrew/.pico-sdk/sdk/2.0.0/lib/tinyusb/src/device/usbd.c.obj
                0x10005704                usbd_edpt_open
 .text.usbd_edpt_claim
                0x10005738       0x28 CMakeFiles/myproject.dir/home/andrew/.pico-sdk/sdk/2.0.0/lib/tinyusb/src/device/usbd.c.obj
                0x10005738                usbd_edpt_claim
 .text.usbd_edpt_release
                0x10005760       0x28 CMakeFiles/myproject.dir/home/andrew/.pico-sdk/sdk/2.0.0/lib/tinyusb/src/device/usbd.c.obj
                0x10005760                usbd_edpt_release
 .text.usbd_edpt_xfer
                0x10005788       0x4c CMakeFiles/myproject.dir/home/andrew/.pico-sdk/sdk/2.0.0/lib/tinyusb/src/device/usbd.c.obj
                0x10005788                usbd_edpt_xfer
 .text.tud_control_status
                0x100057d4       0x2c CMakeFiles/myproject.dir/home/andrew/.pico-sdk/sdk/2.0.0/lib/tinyusb/src/device/usbd_control.c.obj
                0x100057d4                tud_control_status
 .text.tud_control_xfer
                0x10005800       0xac CMakeFiles/myproject.dir/home/andrew/.pico-sdk/sdk/2.0.0/lib/tinyusb/src/device/usbd_control.c.obj
                0x10005800                tud_control_xfer
 .text.usbd_control_reset
                0x100058ac       0x14 CMakeFiles/myproject.dir/home/andrew/.pico-sdk/sdk/2.0.0/lib/tinyusb/src/device/usbd_control.c.obj
                0x100058ac                usbd_control_reset
 .text.usbd_control_set_complete_callback
                0x100058c0        0xc CMakeFiles/myproject.dir/home/andrew/.pico-sdk/sdk/2.0.0/lib/tinyusb/src/device/usbd_control.c.obj
                0x100058c0                usbd_control_set_complete_callback
 .text.usbd_control_set_request
                0x100058cc       0x1c CMakeFiles/myproject.dir/home/andrew/.pico-sdk/sdk/2.0.0/lib/tinyusb/src/device/usbd_control.c.obj
                0x100058cc                usbd_control_set_request
 .text.usbd_control_xfer_cb
                0x100058e8       0xec CMakeFiles/myproject.dir/home/andrew/.pico-sdk/sdk/2.0.0/lib/tinyusb/src/device/usbd_control.c.obj
                0x100058e8                usbd_control_xfer_cb
 .text._prep_out_transaction.isra.0
                0x100059d4       0x5c CMakeFiles/myproject.dir/home/andrew/.pico-sdk/sdk/2.0.0/lib/tinyusb/src/class/cdc/cdc_device.c.obj
 .text.tud_cdc_n_connected
                0x10005a30       0x30 CMakeFiles/myproject.dir/home/andrew/.pico-sdk/sdk/2.0.0/lib/tinyusb/src/class/cdc/cdc_device.c.obj
                0x10005a30                tud_cdc_n_connected
 .text.tud_cdc_n_available
                0x10005a60       0x18 CMakeFiles/myproject.dir/home/andrew/.pico-sdk/sdk/2.0.0/lib/tinyusb/src/class/cdc/cdc_device.c.obj
                0x10005a60                tud_cdc_n_available
 .text.tud_cdc_n_read
                0x10005a78       0x98 CMakeFiles/myproject.dir/home/andrew/.pico-sdk/sdk/2.0.0/lib/tinyusb/src/class/cdc/cdc_device.c.obj
                0x10005a78                tud_cdc_n_read
 .text.tud_cdc_n_write_flush
                0x10005b10       0x78 CMakeFiles/myproject.dir/home/andrew/.pico-sdk/sdk/2.0.0/lib/tinyusb/src/class/cdc/cdc_device.c.obj
                0x10005b10                tud_cdc_n_write_flush
 .text.tud_cdc_n_write
                0x10005b88       0x40 CMakeFiles/myproject.dir/home/andrew/.pico-sdk/sdk/2.0.0/lib/tinyusb/src/class/cdc/cdc_device.c.obj
                0x10005b88                tud_cdc_n_write
 .text.tud_cdc_n_write_available
                0x10005bc8       0x18 CMakeFiles/myproject.dir/home/andrew/.pico-sdk/sdk/2.0.0/lib/tinyusb/src/class/cdc/cdc_device.c.obj
                0x10005bc8                tud_cdc_n_write_available
 .text.cdcd_init
                0x10005be0       0x7c CMakeFiles/myproject.dir/home/andrew/.pico-sdk/sdk/2.0.0/lib/tinyusb/src/class/cdc/cdc_device.c.obj
                0x10005be0                cdcd_init
 .text.cdcd_deinit
                0x10005c5c       0x34 CMakeFiles/myproject.dir/home/andrew/.pico-sdk/sdk/2.0.0/lib/tinyusb/src/class/cdc/cdc_device.c.obj
                0x10005c5c                cdcd_deinit
 .text.cdcd_reset
                0x10005c90       0x4c CMakeFiles/myproject.dir/home/andrew/.pico-sdk/sdk/2.0.0/lib/tinyusb/src/class/cdc/cdc_device.c.obj
                0x10005c90                cdcd_reset
 .text.cdcd_open
                0x10005cdc       0xb0 CMakeFiles/myproject.dir/home/andrew/.pico-sdk/sdk/2.0.0/lib/tinyusb/src/class/cdc/cdc_device.c.obj
                0x10005cdc                cdcd_open
 .text.cdcd_control_xfer_cb
                0x10005d8c       0xe4 CMakeFiles/myproject.dir/home/andrew/.pico-sdk/sdk/2.0.0/lib/tinyusb/src/class/cdc/cdc_device.c.obj
                0x10005d8c                cdcd_control_xfer_cb
 .text.cdcd_xfer_cb
                0x10005e70      0x100 CMakeFiles/myproject.dir/home/andrew/.pico-sdk/sdk/2.0.0/lib/tinyusb/src/class/cdc/cdc_device.c.obj
                0x10005e70                cdcd_xfer_cb
 .text.tud_vendor_n_write_flush
                0x10005f70       0x78 CMakeFiles/myproject.dir/home/andrew/.pico-sdk/sdk/2.0.0/lib/tinyusb/src/class/vendor/vendor_device.c.obj
                0x10005f70                tud_vendor_n_write_flush
 .text.vendord_init
                0x10005fe8       0x64 CMakeFiles/myproject.dir/home/andrew/.pico-sdk/sdk/2.0.0/lib/tinyusb/src/class/vendor/vendor_device.c.obj
                0x10005fe8                vendord_init
 .text.vendord_deinit
                0x1000604c       0x34 CMakeFiles/myproject.dir/home/andrew/.pico-sdk/sdk/2.0.0/lib/tinyusb/src/class/vendor/vendor_device.c.obj
                0x1000604c                vendord_deinit
 .text.vendord_reset
                0x10006080       0x1c CMakeFiles/myproject.dir/home/andrew/.pico-sdk/sdk/2.0.0/lib/tinyusb/src/class/vendor/vendor_device.c.obj
                0x10006080                vendord_reset
 .text.vendord_open
                0x1000609c       0xd8 CMakeFiles/myproject.dir/home/andrew/.pico-sdk/sdk/2.0.0/lib/tinyusb/src/class/vendor/vendor_device.c.obj
                0x1000609c                vendord_open
 .text.vendord_xfer_cb
                0x10006174       0xc8 CMakeFiles/myproject.dir/home/andrew/.pico-sdk/sdk/2.0.0/lib/tinyusb/src/class/vendor/vendor_device.c.obj
                0x10006174                vendord_xfer_cb
 .text.tusb_init
                0x1000623c        0xc CMakeFiles/myproject.dir/home/andrew/.pico-sdk/sdk/2.0.0/lib/tinyusb/src/tusb.c.obj
                0x1000623c                tusb_init
 .text.tu_edpt_claim
                0x10006248       0x50 CMakeFiles/myproject.dir/home/andrew/.pico-sdk/sdk/2.0.0/lib/tinyusb/src/tusb.c.obj
                0x10006248                tu_edpt_claim
 .text.tu_edpt_release
                0x10006298       0x38 CMakeFiles/myproject.dir/home/andrew/.pico-sdk/sdk/2.0.0/lib/tinyusb/src/tusb.c.obj
                0x10006298                tu_edpt_release
 .text.tu_edpt_validate
                0x100062d0       0x7c CMakeFiles/myproject.dir/home/andrew/.pico-sdk/sdk/2.0.0/lib/tinyusb/src/tusb.c.obj
                0x100062d0                tu_edpt_validate
 .text.tu_edpt_bind_driver
                0x1000634c       0x34 CMakeFiles/myproject.dir/home/andrew/.pico-sdk/sdk/2.0.0/lib/tinyusb/src/tusb.c.obj
                0x1000634c                tu_edpt_bind_driver
 .text.tu_fifo_config
                0x10006380       0x6c CMakeFiles/myproject.dir/home/andrew/.pico-sdk/sdk/2.0.0/lib/tinyusb/src/common/tusb_fifo.c.obj
                0x10006380                tu_fifo_config
 .text.tu_fifo_count
                0x100063ec       0x2c CMakeFiles/myproject.dir/home/andrew/.pico-sdk/sdk/2.0.0/lib/tinyusb/src/common/tusb_fifo.c.obj
                0x100063ec                tu_fifo_count
 .text.tu_fifo_empty
                0x10006418       0x10 CMakeFiles/myproject.dir/home/andrew/.pico-sdk/sdk/2.0.0/lib/tinyusb/src/common/tusb_fifo.c.obj
                0x10006418                tu_fifo_empty
 .text.tu_fifo_remaining
                0x10006428       0x2c CMakeFiles/myproject.dir/home/andrew/.pico-sdk/sdk/2.0.0/lib/tinyusb/src/common/tusb_fifo.c.obj
                0x10006428                tu_fifo_remaining
 .text.tu_fifo_read
                0x10006454       0x9c CMakeFiles/myproject.dir/home/andrew/.pico-sdk/sdk/2.0.0/lib/tinyusb/src/common/tusb_fifo.c.obj
                0x10006454                tu_fifo_read
 .text.tu_fifo_read_n
                0x100064f0       0xe8 CMakeFiles/myproject.dir/home/andrew/.pico-sdk/sdk/2.0.0/lib/tinyusb/src/common/tusb_fifo.c.obj
                0x100064f0                tu_fifo_read_n
 .text.tu_fifo_write
                0x100065d8       0xa8 CMakeFiles/myproject.dir/home/andrew/.pico-sdk/sdk/2.0.0/lib/tinyusb/src/common/tusb_fifo.c.obj
                0x100065d8                tu_fifo_write
 .text.tu_fifo_write_n
                0x10006680      0x178 CMakeFiles/myproject.dir/home/andrew/.pico-sdk/sdk/2.0.0/lib/tinyusb/src/common/tusb_fifo.c.obj
                0x10006680                tu_fifo_write_n
 .text.tu_fifo_clear
                0x100067f8       0x40 CMakeFiles/myproject.dir/home/andrew/.pico-sdk/sdk/2.0.0/lib/tinyusb/src/common/tusb_fifo.c.obj
                0x100067f8                tu_fifo_clear
 .text.tu_fifo_set_overwritable
                0x10006838       0x48 CMakeFiles/myproject.dir/home/andrew/.pico-sdk/sdk/2.0.0/lib/tinyusb/src/common/tusb_fifo.c.obj
                0x10006838                tu_fifo_set_overwritable
 .text.async_context_base_add_at_time_worker
                0x10006880       0x24 CMakeFiles/myproject.dir/home/andrew/.pico-sdk/sdk/2.0.0/src/rp2_common/pico_async_context/async_context_base.c.obj
                0x10006880                async_context_base_add_at_time_worker
 .text.async_context_base_remove_at_time_worker
                0x100068a4       0x28 CMakeFiles/myproject.dir/home/andrew/.pico-sdk/sdk/2.0.0/src/rp2_common/pico_async_context/async_context_base.c.obj
                0x100068a4                async_context_base_remove_at_time_worker
 .text.async_context_base_add_when_pending_worker
                0x100068cc       0x24 CMakeFiles/myproject.dir/home/andrew/.pico-sdk/sdk/2.0.0/src/rp2_common/pico_async_context/async_context_base.c.obj
                0x100068cc                async_context_base_add_when_pending_worker
 .text.async_context_base_remove_when_pending_worker
                0x100068f0       0x28 CMakeFiles/myproject.dir/home/andrew/.pico-sdk/sdk/2.0.0/src/rp2_common/pico_async_context/async_context_base.c.obj
                0x100068f0                async_context_base_remove_when_pending_worker
 .text.async_context_base_execute_once
                0x10006918      0x108 CMakeFiles/myproject.dir/home/andrew/.pico-sdk/sdk/2.0.0/src/rp2_common/pico_async_context/async_context_base.c.obj
                0x10006918                async_context_base_execute_once
 .text.async_context_base_needs_servicing
                0x10006a20       0x54 CMakeFiles/myproject.dir/home/andrew/.pico-sdk/sdk/2.0.0/src/rp2_common/pico_async_context/async_context_base.c.obj
                0x10006a20                async_context_base_needs_servicing
 .text.pvPortMalloc
                0x10006a74      0x124 CMakeFiles/myproject.dir/__/lib/freertos/portable/MemMang/heap_4.c.obj
                0x10006a74                pvPortMalloc
 .text.vPortFree
                0x10006b98       0x98 CMakeFiles/myproject.dir/__/lib/freertos/portable/MemMang/heap_4.c.obj
                0x10006b98                vPortFree
 .text.vPortSVCHandler
                0x10006c30        0x4 CMakeFiles/myproject.dir/__/lib/freertos/portable/ThirdParty/GCC/RP2040/port.c.obj
                0x10006c30                vPortSVCHandler
 *fill*         0x10006c34        0xc 
 .text.vPortStartFirstTask
                0x10006c40       0x34 CMakeFiles/myproject.dir/__/lib/freertos/portable/ThirdParty/GCC/RP2040/port.c.obj
 *fill*         0x10006c74        0xc 
 .text.xPortPendSVHandler
                0x10006c80       0x64 CMakeFiles/myproject.dir/__/lib/freertos/portable/ThirdParty/GCC/RP2040/port.c.obj
                0x10006c80                xPortPendSVHandler
 .text.prvFIFOInterruptHandler
                0x10006ce4       0x78 CMakeFiles/myproject.dir/__/lib/freertos/portable/ThirdParty/GCC/RP2040/port.c.obj
 .text.prvTaskExitError
                0x10006d5c        0x8 CMakeFiles/myproject.dir/__/lib/freertos/portable/ThirdParty/GCC/RP2040/port.c.obj
 .text.pxPortInitialiseStack
                0x10006d64       0x20 CMakeFiles/myproject.dir/__/lib/freertos/portable/ThirdParty/GCC/RP2040/port.c.obj
                0x10006d64                pxPortInitialiseStack
 .text.vPortYield
                0x10006d84       0x18 CMakeFiles/myproject.dir/__/lib/freertos/portable/ThirdParty/GCC/RP2040/port.c.obj
                0x10006d84                vPortYield
 .text.vPortEnterCritical
                0x10006d9c       0x18 CMakeFiles/myproject.dir/__/lib/freertos/portable/ThirdParty/GCC/RP2040/port.c.obj
                0x10006d9c                vPortEnterCritical
 .text.vPortExitCritical
                0x10006db4       0x34 CMakeFiles/myproject.dir/__/lib/freertos/portable/ThirdParty/GCC/RP2040/port.c.obj
                0x10006db4                vPortExitCritical
 .text.ulSetInterruptMaskFromISR
                0x10006de8        0x8 CMakeFiles/myproject.dir/__/lib/freertos/portable/ThirdParty/GCC/RP2040/port.c.obj
                0x10006de8                ulSetInterruptMaskFromISR
 .text.vClearInterruptMaskFromISR
                0x10006df0        0x8 CMakeFiles/myproject.dir/__/lib/freertos/portable/ThirdParty/GCC/RP2040/port.c.obj
                0x10006df0                vClearInterruptMaskFromISR
 .text.xPortSysTickHandler
                0x10006df8       0x24 CMakeFiles/myproject.dir/__/lib/freertos/portable/ThirdParty/GCC/RP2040/port.c.obj
                0x10006df8                xPortSysTickHandler
 .text.vPortSetupTimerInterrupt
                0x10006e1c       0x34 CMakeFiles/myproject.dir/__/lib/freertos/portable/ThirdParty/GCC/RP2040/port.c.obj
                0x10006e1c                vPortSetupTimerInterrupt
 .text.xPortStartScheduler
                0x10006e50       0x9c CMakeFiles/myproject.dir/__/lib/freertos/portable/ThirdParty/GCC/RP2040/port.c.obj
                0x10006e50                xPortStartScheduler
 .text.ulPortLockGetCurrentOwnerId
                0x10006eec       0x2c CMakeFiles/myproject.dir/__/lib/freertos/portable/ThirdParty/GCC/RP2040/port.c.obj
                0x10006eec                ulPortLockGetCurrentOwnerId
 .text.vPortLockInternalSpinUnlockWithWait
                0x10006f18       0x68 CMakeFiles/myproject.dir/__/lib/freertos/portable/ThirdParty/GCC/RP2040/port.c.obj
                0x10006f18                vPortLockInternalSpinUnlockWithWait
 .text.vPortLockInternalSpinUnlockWithNotify
                0x10006f80       0xc8 CMakeFiles/myproject.dir/__/lib/freertos/portable/ThirdParty/GCC/RP2040/port.c.obj
                0x10006f80                vPortLockInternalSpinUnlockWithNotify
 .text.xPortLockInternalSpinUnlockWithBestEffortWaitOrTimeout
                0x10007048       0xfc CMakeFiles/myproject.dir/__/lib/freertos/portable/ThirdParty/GCC/RP2040/port.c.obj
                0x10007048                xPortLockInternalSpinUnlockWithBestEffortWaitOrTimeout
 .text.startup.prvRuntimeInitializer
                0x10007144       0x28 CMakeFiles/myproject.dir/__/lib/freertos/portable/ThirdParty/GCC/RP2040/port.c.obj
 .text.vEventGroupSetBitsCallback
                0x1000716c       0x90 CMakeFiles/myproject.dir/__/lib/freertos/event_groups.c.obj
                0x1000716c                vEventGroupSetBitsCallback
 .text.xEventGroupCreate
                0x100071fc       0x18 CMakeFiles/myproject.dir/__/lib/freertos/event_groups.c.obj
                0x100071fc                xEventGroupCreate
 .text.xEventGroupWaitBits
                0x10007214       0xb8 CMakeFiles/myproject.dir/__/lib/freertos/event_groups.c.obj
                0x10007214                xEventGroupWaitBits
 .text.xEventGroupSetBits
                0x100072cc       0x94 CMakeFiles/myproject.dir/__/lib/freertos/event_groups.c.obj
                0x100072cc                xEventGroupSetBits
 .text.xEventGroupSetBitsFromISR
                0x10007360       0x18 CMakeFiles/myproject.dir/__/lib/freertos/event_groups.c.obj
                0x10007360                xEventGroupSetBitsFromISR
 .text.vListInitialise
                0x10007378       0x18 CMakeFiles/myproject.dir/__/lib/freertos/list.c.obj
                0x10007378                vListInitialise
 .text.vListInitialiseItem
                0x10007390        0x8 CMakeFiles/myproject.dir/__/lib/freertos/list.c.obj
                0x10007390                vListInitialiseItem
 .text.vListInsert
                0x10007398       0x30 CMakeFiles/myproject.dir/__/lib/freertos/list.c.obj
                0x10007398                vListInsert
 .text.uxListRemove
                0x100073c8       0x20 CMakeFiles/myproject.dir/__/lib/freertos/list.c.obj
                0x100073c8                uxListRemove
 .text.prvUnlockQueue
                0x100073e8      0x180 CMakeFiles/myproject.dir/__/lib/freertos/queue.c.obj
 .text.prvNotifyQueueSetContainer
                0x10007568       0x90 CMakeFiles/myproject.dir/__/lib/freertos/queue.c.obj
 .text.xQueueGenericCreate
                0x100075f8       0xa4 CMakeFiles/myproject.dir/__/lib/freertos/queue.c.obj
                0x100075f8                xQueueGenericCreate
 .text.xQueueGenericSendFromISR
                0x1000769c      0x134 CMakeFiles/myproject.dir/__/lib/freertos/queue.c.obj
                0x1000769c                xQueueGenericSendFromISR
 .text.xQueueReceive
                0x100077d0      0x11c CMakeFiles/myproject.dir/__/lib/freertos/queue.c.obj
                0x100077d0                xQueueReceive
 .text.vQueueAddToRegistry
                0x100078ec      0x118 CMakeFiles/myproject.dir/__/lib/freertos/queue.c.obj
                0x100078ec                vQueueAddToRegistry
 .text.vQueueWaitForMessageRestricted
                0x10007a04       0x48 CMakeFiles/myproject.dir/__/lib/freertos/queue.c.obj
                0x10007a04                vQueueWaitForMessageRestricted
 .text.prvAddNewTaskToReadyList
                0x10007a4c      0x124 CMakeFiles/myproject.dir/__/lib/freertos/tasks.c.obj
 .text.prvIdleTask
                0x10007b70       0x60 CMakeFiles/myproject.dir/__/lib/freertos/tasks.c.obj
 .text.xTaskIncrementTick.part.0
                0x10007bd0      0x190 CMakeFiles/myproject.dir/__/lib/freertos/tasks.c.obj
 .text.xTaskCreate
                0x10007d60      0x138 CMakeFiles/myproject.dir/__/lib/freertos/tasks.c.obj
                0x10007d60                xTaskCreate
 .text.vTaskStartScheduler
                0x10007e98       0xd8 CMakeFiles/myproject.dir/__/lib/freertos/tasks.c.obj
                0x10007e98                vTaskStartScheduler
 .text.vTaskSuspendAll
                0x10007f70       0x10 CMakeFiles/myproject.dir/__/lib/freertos/tasks.c.obj
                0x10007f70                vTaskSuspendAll
 .text.xTaskResumeAll
                0x10007f80      0x188 CMakeFiles/myproject.dir/__/lib/freertos/tasks.c.obj
                0x10007f80                xTaskResumeAll
 .text.vTaskDelay
                0x10008108       0x84 CMakeFiles/myproject.dir/__/lib/freertos/tasks.c.obj
                0x10008108                vTaskDelay
 .text.xTaskGetTickCount
                0x1000818c        0xc CMakeFiles/myproject.dir/__/lib/freertos/tasks.c.obj
                0x1000818c                xTaskGetTickCount
 .text.uxTaskGetNumberOfTasks
                0x10008198        0xc CMakeFiles/myproject.dir/__/lib/freertos/tasks.c.obj
                0x10008198                uxTaskGetNumberOfTasks
 .text.xTaskIncrementTick
                0x100081a4       0x24 CMakeFiles/myproject.dir/__/lib/freertos/tasks.c.obj
                0x100081a4                xTaskIncrementTick
 .text.vTaskSwitchContext
                0x100081c8       0x7c CMakeFiles/myproject.dir/__/lib/freertos/tasks.c.obj
                0x100081c8                vTaskSwitchContext
 .text.vTaskPlaceOnEventList
                0x10008244       0xa0 CMakeFiles/myproject.dir/__/lib/freertos/tasks.c.obj
                0x10008244                vTaskPlaceOnEventList
 .text.vTaskPlaceOnUnorderedEventList
                0x100082e4       0xc4 CMakeFiles/myproject.dir/__/lib/freertos/tasks.c.obj
                0x100082e4                vTaskPlaceOnUnorderedEventList
 .text.vTaskPlaceOnEventListRestricted
                0x100083a8       0xf4 CMakeFiles/myproject.dir/__/lib/freertos/tasks.c.obj
                0x100083a8                vTaskPlaceOnEventListRestricted
 .text.xTaskRemoveFromEventList
                0x1000849c       0xcc CMakeFiles/myproject.dir/__/lib/freertos/tasks.c.obj
                0x1000849c                xTaskRemoveFromEventList
 .text.vTaskRemoveFromUnorderedEventList
                0x10008568       0x94 CMakeFiles/myproject.dir/__/lib/freertos/tasks.c.obj
                0x10008568                vTaskRemoveFromUnorderedEventList
 .text.vTaskInternalSetTimeOutState
                0x100085fc       0x18 CMakeFiles/myproject.dir/__/lib/freertos/tasks.c.obj
                0x100085fc                vTaskInternalSetTimeOutState
 .text.xTaskCheckForTimeOut
                0x10008614       0x74 CMakeFiles/myproject.dir/__/lib/freertos/tasks.c.obj
                0x10008614                xTaskCheckForTimeOut
 .text.vTaskMissedYield
                0x10008688        0xc CMakeFiles/myproject.dir/__/lib/freertos/tasks.c.obj
                0x10008688                vTaskMissedYield
 .text.xTaskGetCurrentTaskHandle
                0x10008694        0xc CMakeFiles/myproject.dir/__/lib/freertos/tasks.c.obj
                0x10008694                xTaskGetCurrentTaskHandle
 .text.xTaskPriorityDisinherit
                0x100086a0       0x64 CMakeFiles/myproject.dir/__/lib/freertos/tasks.c.obj
                0x100086a0                xTaskPriorityDisinherit
 .text.uxTaskResetEventItemValue
                0x10008704       0x18 CMakeFiles/myproject.dir/__/lib/freertos/tasks.c.obj
                0x10008704                uxTaskResetEventItemValue
 .text.prvTimerTask
                0x1000871c      0x38c CMakeFiles/myproject.dir/__/lib/freertos/timers.c.obj
 .text.xTimerCreateTimerTask
                0x10008aa8       0x8c CMakeFiles/myproject.dir/__/lib/freertos/timers.c.obj
                0x10008aa8                xTimerCreateTimerTask
 .text.xTimerPendFunctionCallFromISR
                0x10008b34       0x28 CMakeFiles/myproject.dir/__/lib/freertos/timers.c.obj
                0x10008b34                xTimerPendFunctionCallFromISR
 .text.exception_set_exclusive_handler
                0x10008b5c       0x48 CMakeFiles/myproject.dir/home/andrew/.pico-sdk/sdk/2.0.0/src/rp2_common/hardware_exception/exception.c.obj
                0x10008b5c                exception_set_exclusive_handler
 .text.cyw43_arch_set_async_context
                0x10008ba4        0xc CMakeFiles/myproject.dir/home/andrew/.pico-sdk/sdk/2.0.0/src/rp2_common/pico_cyw43_arch/cyw43_arch.c.obj
                0x10008ba4                cyw43_arch_set_async_context
 .text.cyw43_arch_gpio_put
                0x10008bb0       0x14 CMakeFiles/myproject.dir/home/andrew/.pico-sdk/sdk/2.0.0/src/rp2_common/pico_cyw43_arch/cyw43_arch.c.obj
                0x10008bb0                cyw43_arch_gpio_put
 .text.cyw43_arch_async_context
                0x10008bc4        0xc CMakeFiles/myproject.dir/home/andrew/.pico-sdk/sdk/2.0.0/src/rp2_common/pico_cyw43_arch/cyw43_arch.c.obj
                0x10008bc4                cyw43_arch_async_context
 .text.cyw43_arch_init
                0x10008bd0       0x64 CMakeFiles/myproject.dir/home/andrew/.pico-sdk/sdk/2.0.0/src/rp2_common/pico_cyw43_arch/cyw43_arch_threadsafe_background.c.obj
                0x10008bd0                cyw43_arch_init
 .text.ns_delay.constprop.0
                0x10008c34       0x20 CMakeFiles/myproject.dir/home/andrew/.pico-sdk/sdk/2.0.0/src/rp2_common/pico_cyw43_driver/cyw43_bus_pio_spi.c.obj
 .text.cyw43_spi_deinit
                0x10008c54       0x7c CMakeFiles/myproject.dir/home/andrew/.pico-sdk/sdk/2.0.0/src/rp2_common/pico_cyw43_driver/cyw43_bus_pio_spi.c.obj
                0x10008c54                cyw43_spi_deinit
 .text.cyw43_spi_init
                0x10008cd0      0x134 CMakeFiles/myproject.dir/home/andrew/.pico-sdk/sdk/2.0.0/src/rp2_common/pico_cyw43_driver/cyw43_bus_pio_spi.c.obj
                0x10008cd0                cyw43_spi_init
 .text.cyw43_spi_transfer
                0x10008e04      0x3f0 CMakeFiles/myproject.dir/home/andrew/.pico-sdk/sdk/2.0.0/src/rp2_common/pico_cyw43_driver/cyw43_bus_pio_spi.c.obj
                0x10008e04                cyw43_spi_transfer
 .text.cyw43_spi_gpio_setup
                0x100091f4       0x3c CMakeFiles/myproject.dir/home/andrew/.pico-sdk/sdk/2.0.0/src/rp2_common/pico_cyw43_driver/cyw43_bus_pio_spi.c.obj
                0x100091f4                cyw43_spi_gpio_setup
 .text.cyw43_spi_reset
                0x10009230       0x28 CMakeFiles/myproject.dir/home/andrew/.pico-sdk/sdk/2.0.0/src/rp2_common/pico_cyw43_driver/cyw43_bus_pio_spi.c.obj
                0x10009230                cyw43_spi_reset
 .text.read_reg_u32_swap
                0x10009258       0x3c CMakeFiles/myproject.dir/home/andrew/.pico-sdk/sdk/2.0.0/src/rp2_common/pico_cyw43_driver/cyw43_bus_pio_spi.c.obj
                0x10009258                read_reg_u32_swap
 .text.cyw43_read_reg_u32
                0x10009294       0x50 CMakeFiles/myproject.dir/home/andrew/.pico-sdk/sdk/2.0.0/src/rp2_common/pico_cyw43_driver/cyw43_bus_pio_spi.c.obj
                0x10009294                cyw43_read_reg_u32
 .text.cyw43_read_reg_u16
                0x100092e4       0x50 CMakeFiles/myproject.dir/home/andrew/.pico-sdk/sdk/2.0.0/src/rp2_common/pico_cyw43_driver/cyw43_bus_pio_spi.c.obj
                0x100092e4                cyw43_read_reg_u16
 .text.cyw43_read_reg_u8
                0x10009334       0x50 CMakeFiles/myproject.dir/home/andrew/.pico-sdk/sdk/2.0.0/src/rp2_common/pico_cyw43_driver/cyw43_bus_pio_spi.c.obj
                0x10009334                cyw43_read_reg_u8
 .text.write_reg_u32_swap
                0x10009384      0x1e8 CMakeFiles/myproject.dir/home/andrew/.pico-sdk/sdk/2.0.0/src/rp2_common/pico_cyw43_driver/cyw43_bus_pio_spi.c.obj
                0x10009384                write_reg_u32_swap
 .text.cyw43_write_reg_u32
                0x1000956c      0x208 CMakeFiles/myproject.dir/home/andrew/.pico-sdk/sdk/2.0.0/src/rp2_common/pico_cyw43_driver/cyw43_bus_pio_spi.c.obj
                0x1000956c                cyw43_write_reg_u32
 .text.cyw43_write_reg_u16
                0x10009774      0x208 CMakeFiles/myproject.dir/home/andrew/.pico-sdk/sdk/2.0.0/src/rp2_common/pico_cyw43_driver/cyw43_bus_pio_spi.c.obj
                0x10009774                cyw43_write_reg_u16
 .text.cyw43_write_reg_u8
                0x1000997c      0x208 CMakeFiles/myproject.dir/home/andrew/.pico-sdk/sdk/2.0.0/src/rp2_common/pico_cyw43_driver/cyw43_bus_pio_spi.c.obj
                0x1000997c                cyw43_write_reg_u8
 .text.cyw43_read_bytes
                0x10009b84       0x78 CMakeFiles/myproject.dir/home/andrew/.pico-sdk/sdk/2.0.0/src/rp2_common/pico_cyw43_driver/cyw43_bus_pio_spi.c.obj
                0x10009b84                cyw43_read_bytes
 .text.cyw43_write_bytes
                0x10009bfc       0xc0 CMakeFiles/myproject.dir/home/andrew/.pico-sdk/sdk/2.0.0/src/rp2_common/pico_cyw43_driver/cyw43_bus_pio_spi.c.obj
                0x10009bfc                cyw43_write_bytes
 .text.cyw43_set_backplane_window
                0x10009cbc       0x68 CMakeFiles/myproject.dir/home/andrew/.pico-sdk/sdk/2.0.0/lib/cyw43-driver/src/cyw43_ll.c.obj
 .text.cyw43_ll_parse_async_event
                0x10009d24      0x134 CMakeFiles/myproject.dir/home/andrew/.pico-sdk/sdk/2.0.0/lib/cyw43-driver/src/cyw43_ll.c.obj
 .text.cyw43_kso_set
                0x10009e58       0x80 CMakeFiles/myproject.dir/home/andrew/.pico-sdk/sdk/2.0.0/lib/cyw43-driver/src/cyw43_ll.c.obj
 .text.cyw43_ll_sdpcm_poll_device
                0x10009ed8      0x238 CMakeFiles/myproject.dir/home/andrew/.pico-sdk/sdk/2.0.0/lib/cyw43-driver/src/cyw43_ll.c.obj
 .text.cyw43_sdpcm_send_common
                0x1000a110       0xfc CMakeFiles/myproject.dir/home/andrew/.pico-sdk/sdk/2.0.0/lib/cyw43-driver/src/cyw43_ll.c.obj
 .text.cyw43_do_ioctl.part.0
                0x1000a20c       0xc4 CMakeFiles/myproject.dir/home/andrew/.pico-sdk/sdk/2.0.0/lib/cyw43-driver/src/cyw43_ll.c.obj
 .text.cyw43_download_resource
                0x1000a2d0       0xd0 CMakeFiles/myproject.dir/home/andrew/.pico-sdk/sdk/2.0.0/lib/cyw43-driver/src/cyw43_ll.c.obj
 .text.cyw43_write_iovar_u32.constprop.0
                0x1000a3a0       0x98 CMakeFiles/myproject.dir/home/andrew/.pico-sdk/sdk/2.0.0/lib/cyw43-driver/src/cyw43_ll.c.obj
 .text.cyw43_write_iovar_n
                0x1000a438       0x8c CMakeFiles/myproject.dir/home/andrew/.pico-sdk/sdk/2.0.0/lib/cyw43-driver/src/cyw43_ll.c.obj
 .text.cyw43_read_backplane.constprop.0
                0x1000a4c4       0xe4 CMakeFiles/myproject.dir/home/andrew/.pico-sdk/sdk/2.0.0/lib/cyw43-driver/src/cyw43_ll.c.obj
 .text.cyw43_write_backplane
                0x1000a5a8      0x10c CMakeFiles/myproject.dir/home/andrew/.pico-sdk/sdk/2.0.0/lib/cyw43-driver/src/cyw43_ll.c.obj
 .text.reset_device_core.constprop.0
                0x1000a6b4      0x410 CMakeFiles/myproject.dir/home/andrew/.pico-sdk/sdk/2.0.0/lib/cyw43-driver/src/cyw43_ll.c.obj
 .text.cyw43_ll_init
                0x1000aac4       0x1c CMakeFiles/myproject.dir/home/andrew/.pico-sdk/sdk/2.0.0/lib/cyw43-driver/src/cyw43_ll.c.obj
                0x1000aac4                cyw43_ll_init
 .text.cyw43_ll_deinit
                0x1000aae0        0x8 CMakeFiles/myproject.dir/home/andrew/.pico-sdk/sdk/2.0.0/lib/cyw43-driver/src/cyw43_ll.c.obj
                0x1000aae0                cyw43_ll_deinit
 .text.cyw43_ll_process_packets
                0x1000aae8       0x54 CMakeFiles/myproject.dir/home/andrew/.pico-sdk/sdk/2.0.0/lib/cyw43-driver/src/cyw43_ll.c.obj
                0x1000aae8                cyw43_ll_process_packets
 .text.cyw43_ll_ioctl
                0x1000ab3c       0x80 CMakeFiles/myproject.dir/home/andrew/.pico-sdk/sdk/2.0.0/lib/cyw43-driver/src/cyw43_ll.c.obj
                0x1000ab3c                cyw43_ll_ioctl
 .text.cyw43_ll_bus_sleep
                0x1000abbc       0x34 CMakeFiles/myproject.dir/home/andrew/.pico-sdk/sdk/2.0.0/lib/cyw43-driver/src/cyw43_ll.c.obj
                0x1000abbc                cyw43_ll_bus_sleep
 .text.cyw43_ll_wifi_get_mac
                0x1000abf0       0x74 CMakeFiles/myproject.dir/home/andrew/.pico-sdk/sdk/2.0.0/lib/cyw43-driver/src/cyw43_ll.c.obj
                0x1000abf0                cyw43_ll_wifi_get_mac
 .text.cyw43_ll_bus_init
                0x1000ac64      0x920 CMakeFiles/myproject.dir/home/andrew/.pico-sdk/sdk/2.0.0/lib/cyw43-driver/src/cyw43_ll.c.obj
                0x1000ac64                cyw43_ll_bus_init
 .text.cyw43_ll_wifi_set_wpa_auth
                0x1000b584       0x4c CMakeFiles/myproject.dir/home/andrew/.pico-sdk/sdk/2.0.0/lib/cyw43-driver/src/cyw43_ll.c.obj
                0x1000b584                cyw43_ll_wifi_set_wpa_auth
 .text.cyw43_ll_wifi_rejoin
                0x1000b5d0       0x58 CMakeFiles/myproject.dir/home/andrew/.pico-sdk/sdk/2.0.0/lib/cyw43-driver/src/cyw43_ll.c.obj
                0x1000b5d0                cyw43_ll_wifi_rejoin
 .text.cyw43_ll_gpio_set
                0x1000b628       0x94 CMakeFiles/myproject.dir/home/andrew/.pico-sdk/sdk/2.0.0/lib/cyw43-driver/src/cyw43_ll.c.obj
                0x1000b628                cyw43_ll_gpio_set
 .text.cyw43_ll_has_work
                0x1000b6bc       0x14 CMakeFiles/myproject.dir/home/andrew/.pico-sdk/sdk/2.0.0/lib/cyw43-driver/src/cyw43_ll.c.obj
                0x1000b6bc                cyw43_ll_has_work
 .text.cyw43_poll_func
                0x1000b6d0       0xc0 CMakeFiles/myproject.dir/home/andrew/.pico-sdk/sdk/2.0.0/lib/cyw43-driver/src/cyw43_ctrl.c.obj
 .text.cyw43_init
                0x1000b790       0x6c CMakeFiles/myproject.dir/home/andrew/.pico-sdk/sdk/2.0.0/lib/cyw43-driver/src/cyw43_ctrl.c.obj
                0x1000b790                cyw43_init
 .text.cyw43_deinit
                0x1000b7fc       0x90 CMakeFiles/myproject.dir/home/andrew/.pico-sdk/sdk/2.0.0/lib/cyw43-driver/src/cyw43_ctrl.c.obj
                0x1000b7fc                cyw43_deinit
 .text.cyw43_cb_read_host_interrupt_pin
                0x1000b88c        0xc CMakeFiles/myproject.dir/home/andrew/.pico-sdk/sdk/2.0.0/lib/cyw43-driver/src/cyw43_ctrl.c.obj
                0x1000b88c                cyw43_cb_read_host_interrupt_pin
 .text.cyw43_cb_ensure_awake
                0x1000b898        0xc CMakeFiles/myproject.dir/home/andrew/.pico-sdk/sdk/2.0.0/lib/cyw43-driver/src/cyw43_ctrl.c.obj
                0x1000b898                cyw43_cb_ensure_awake
 .text.cyw43_cb_process_async_event
                0x1000b8a4      0x214 CMakeFiles/myproject.dir/home/andrew/.pico-sdk/sdk/2.0.0/lib/cyw43-driver/src/cyw43_ctrl.c.obj
                0x1000b8a4                cyw43_cb_process_async_event
 .text.cyw43_gpio_set
                0x1000bab8       0xa0 CMakeFiles/myproject.dir/home/andrew/.pico-sdk/sdk/2.0.0/lib/cyw43-driver/src/cyw43_ctrl.c.obj
                0x1000bab8                cyw43_gpio_set
 .text.pio_sm_unclaim
                0x1000bb58       0x20 CMakeFiles/myproject.dir/home/andrew/.pico-sdk/sdk/2.0.0/src/rp2_common/hardware_pio/pio.c.obj
                0x1000bb58                pio_sm_unclaim
 .text.pio_claim_unused_sm
                0x1000bb78       0x38 CMakeFiles/myproject.dir/home/andrew/.pico-sdk/sdk/2.0.0/src/rp2_common/hardware_pio/pio.c.obj
                0x1000bb78                pio_claim_unused_sm
 .text.pio_can_add_program
                0x1000bbb0       0x90 CMakeFiles/myproject.dir/home/andrew/.pico-sdk/sdk/2.0.0/src/rp2_common/hardware_pio/pio.c.obj
                0x1000bbb0                pio_can_add_program
 .text.pio_add_program
                0x1000bc40      0x104 CMakeFiles/myproject.dir/home/andrew/.pico-sdk/sdk/2.0.0/src/rp2_common/hardware_pio/pio.c.obj
                0x1000bc40                pio_add_program
 .text.pio_remove_program
                0x1000bd44       0x30 CMakeFiles/myproject.dir/home/andrew/.pico-sdk/sdk/2.0.0/src/rp2_common/hardware_pio/pio.c.obj
                0x1000bd44                pio_remove_program
 .text.pio_sm_set_pindirs_with_mask
                0x1000bd74       0xac CMakeFiles/myproject.dir/home/andrew/.pico-sdk/sdk/2.0.0/src/rp2_common/hardware_pio/pio.c.obj
                0x1000bd74                pio_sm_set_pindirs_with_mask
 .text.pio_sm_set_consecutive_pindirs
                0x1000be20       0xb4 CMakeFiles/myproject.dir/home/andrew/.pico-sdk/sdk/2.0.0/src/rp2_common/hardware_pio/pio.c.obj
                0x1000be20                pio_sm_set_consecutive_pindirs
 .text.dma_channel_unclaim
                0x1000bed4       0x14 CMakeFiles/myproject.dir/home/andrew/.pico-sdk/sdk/2.0.0/src/rp2_common/hardware_dma/dma.c.obj
                0x1000bed4                dma_channel_unclaim
 .text.dma_claim_unused_channel
                0x1000bee8       0x24 CMakeFiles/myproject.dir/home/andrew/.pico-sdk/sdk/2.0.0/src/rp2_common/hardware_dma/dma.c.obj
                0x1000bee8                dma_claim_unused_channel
 .text.dma_channel_cleanup
                0x1000bf0c       0x64 CMakeFiles/myproject.dir/home/andrew/.pico-sdk/sdk/2.0.0/src/rp2_common/hardware_dma/dma.c.obj
                0x1000bf0c                dma_channel_cleanup
 .text.cyw43_sleep_timeout_reached
                0x1000bf70       0x10 CMakeFiles/myproject.dir/home/andrew/.pico-sdk/sdk/2.0.0/src/rp2_common/pico_cyw43_driver/cyw43_driver.c.obj
 .text.cyw43_irq_init
                0x1000bf80       0x28 CMakeFiles/myproject.dir/home/andrew/.pico-sdk/sdk/2.0.0/src/rp2_common/pico_cyw43_driver/cyw43_driver.c.obj
                0x1000bf80                cyw43_irq_init
 .text.cyw43_irq_deinit
                0x1000bfa8       0x20 CMakeFiles/myproject.dir/home/andrew/.pico-sdk/sdk/2.0.0/src/rp2_common/pico_cyw43_driver/cyw43_driver.c.obj
                0x1000bfa8                cyw43_irq_deinit
 .text.cyw43_gpio_irq_handler
                0x1000bfc8       0x44 CMakeFiles/myproject.dir/home/andrew/.pico-sdk/sdk/2.0.0/src/rp2_common/pico_cyw43_driver/cyw43_driver.c.obj
 .text.cyw43_do_poll
                0x1000c00c       0x70 CMakeFiles/myproject.dir/home/andrew/.pico-sdk/sdk/2.0.0/src/rp2_common/pico_cyw43_driver/cyw43_driver.c.obj
 .text.cyw43_post_poll_hook
                0x1000c07c       0x10 CMakeFiles/myproject.dir/home/andrew/.pico-sdk/sdk/2.0.0/src/rp2_common/pico_cyw43_driver/cyw43_driver.c.obj
                0x1000c07c                cyw43_post_poll_hook
 .text.cyw43_schedule_internal_poll_dispatch
                0x1000c08c       0x18 CMakeFiles/myproject.dir/home/andrew/.pico-sdk/sdk/2.0.0/src/rp2_common/pico_cyw43_driver/cyw43_driver.c.obj
                0x1000c08c                cyw43_schedule_internal_poll_dispatch
 .text.cyw43_driver_init
                0x1000c0a4       0x38 CMakeFiles/myproject.dir/home/andrew/.pico-sdk/sdk/2.0.0/src/rp2_common/pico_cyw43_driver/cyw43_driver.c.obj
                0x1000c0a4                cyw43_driver_init
 .text.cyw43_driver_deinit
                0x1000c0dc       0x44 CMakeFiles/myproject.dir/home/andrew/.pico-sdk/sdk/2.0.0/src/rp2_common/pico_cyw43_driver/cyw43_driver.c.obj
                0x1000c0dc                cyw43_driver_deinit
 .text.cyw43_hal_generate_laa_mac
                0x1000c120       0x28 CMakeFiles/myproject.dir/home/andrew/.pico-sdk/sdk/2.0.0/src/rp2_common/pico_cyw43_driver/cyw43_driver.c.obj
                0x1000c120                cyw43_hal_generate_laa_mac
 .text.cyw43_thread_enter
                0x1000c148       0x14 CMakeFiles/myproject.dir/home/andrew/.pico-sdk/sdk/2.0.0/src/rp2_common/pico_cyw43_driver/cyw43_driver.c.obj
                0x1000c148                cyw43_thread_enter
 .text.cyw43_thread_exit
                0x1000c15c       0x14 CMakeFiles/myproject.dir/home/andrew/.pico-sdk/sdk/2.0.0/src/rp2_common/pico_cyw43_driver/cyw43_driver.c.obj
                0x1000c15c                cyw43_thread_exit
 .text.cyw43_await_background_or_timeout_us
                0x1000c170       0x64 CMakeFiles/myproject.dir/home/andrew/.pico-sdk/sdk/2.0.0/src/rp2_common/pico_cyw43_driver/cyw43_driver.c.obj
                0x1000c170                cyw43_await_background_or_timeout_us
 .text.cyw43_delay_ms
                0x1000c1d4       0x48 CMakeFiles/myproject.dir/home/andrew/.pico-sdk/sdk/2.0.0/src/rp2_common/pico_cyw43_driver/cyw43_driver.c.obj
                0x1000c1d4                cyw43_delay_ms
 .text.cyw43_cb_tcpip_deinit
                0x1000c21c        0x4 CMakeFiles/myproject.dir/home/andrew/.pico-sdk/sdk/2.0.0/src/rp2_common/pico_cyw43_driver/cyw43_driver.c.obj
                0x1000c21c                cyw43_cb_tcpip_deinit
 .text.cyw43_cb_tcpip_set_link_up
                0x1000c220        0xc CMakeFiles/myproject.dir/home/andrew/.pico-sdk/sdk/2.0.0/src/rp2_common/pico_cyw43_driver/cyw43_driver.c.obj
                0x1000c220                cyw43_cb_tcpip_set_link_up
 .text.cyw43_cb_tcpip_set_link_down
                0x1000c22c        0xc CMakeFiles/myproject.dir/home/andrew/.pico-sdk/sdk/2.0.0/src/rp2_common/pico_cyw43_driver/cyw43_driver.c.obj
                0x1000c22c                cyw43_cb_tcpip_set_link_down
 .text.cyw43_cb_process_ethernet
                0x1000c238        0xc CMakeFiles/myproject.dir/home/andrew/.pico-sdk/sdk/2.0.0/src/rp2_common/pico_cyw43_driver/cyw43_driver.c.obj
                0x1000c238                cyw43_cb_process_ethernet
 .text.handle_sync_func_call
                0x1000c244       0x24 CMakeFiles/myproject.dir/home/andrew/.pico-sdk/sdk/2.0.0/src/rp2_common/pico_async_context/async_context_threadsafe_background.c.obj
 .text.async_context_threadsafe_background_acquire_lock_blocking
                0x1000c268        0xc CMakeFiles/myproject.dir/home/andrew/.pico-sdk/sdk/2.0.0/src/rp2_common/pico_async_context/async_context_threadsafe_background.c.obj
 .text.process_under_lock
                0x1000c274       0xcc CMakeFiles/myproject.dir/home/andrew/.pico-sdk/sdk/2.0.0/src/rp2_common/pico_async_context/async_context_threadsafe_background.c.obj
 .text.async_context_threadsafe_background_deinit
                0x1000c340       0x64 CMakeFiles/myproject.dir/home/andrew/.pico-sdk/sdk/2.0.0/src/rp2_common/pico_async_context/async_context_threadsafe_background.c.obj
 .text.low_priority_irq_handler
                0x1000c3a4       0x3c CMakeFiles/myproject.dir/home/andrew/.pico-sdk/sdk/2.0.0/src/rp2_common/pico_async_context/async_context_threadsafe_background.c.obj
 .text.async_context_threadsafe_background_wait_for_work_until
                0x1000c3e0        0xc CMakeFiles/myproject.dir/home/andrew/.pico-sdk/sdk/2.0.0/src/rp2_common/pico_async_context/async_context_threadsafe_background.c.obj
 .text.async_context_threadsafe_background_wait_until
                0x1000c3ec       0x1c CMakeFiles/myproject.dir/home/andrew/.pico-sdk/sdk/2.0.0/src/rp2_common/pico_async_context/async_context_threadsafe_background.c.obj
 .text.async_context_threadsafe_background_execute_sync
                0x1000c408       0xe4 CMakeFiles/myproject.dir/home/andrew/.pico-sdk/sdk/2.0.0/src/rp2_common/pico_async_context/async_context_threadsafe_background.c.obj
                0x1000c408                async_context_threadsafe_background_execute_sync
 .text.async_context_threadsafe_background_lock_check
                0x1000c4ec       0x24 CMakeFiles/myproject.dir/home/andrew/.pico-sdk/sdk/2.0.0/src/rp2_common/pico_async_context/async_context_threadsafe_background.c.obj
 .text.async_context_threadsafe_background_set_work_pending
                0x1000c510       0x50 CMakeFiles/myproject.dir/home/andrew/.pico-sdk/sdk/2.0.0/src/rp2_common/pico_async_context/async_context_threadsafe_background.c.obj
 .text.alarm_handler
                0x1000c560       0x58 CMakeFiles/myproject.dir/home/andrew/.pico-sdk/sdk/2.0.0/src/rp2_common/pico_async_context/async_context_threadsafe_background.c.obj
 .text.async_context_threadsafe_background_release_lock
                0x1000c5b8       0x7c CMakeFiles/myproject.dir/home/andrew/.pico-sdk/sdk/2.0.0/src/rp2_common/pico_async_context/async_context_threadsafe_background.c.obj
 .text.async_context_threadsafe_background_when_pending_worker
                0x1000c634       0x90 CMakeFiles/myproject.dir/home/andrew/.pico-sdk/sdk/2.0.0/src/rp2_common/pico_async_context/async_context_threadsafe_background.c.obj
 .text.async_context_threadsafe_background_add_at_time_worker
                0x1000c6c4       0x90 CMakeFiles/myproject.dir/home/andrew/.pico-sdk/sdk/2.0.0/src/rp2_common/pico_async_context/async_context_threadsafe_background.c.obj
 .text.async_context_threadsafe_background_remove_at_time_worker
                0x1000c754       0x90 CMakeFiles/myproject.dir/home/andrew/.pico-sdk/sdk/2.0.0/src/rp2_common/pico_async_context/async_context_threadsafe_background.c.obj
 .text.async_context_threadsafe_background_add_when_pending_worker
                0x1000c7e4       0x90 CMakeFiles/myproject.dir/home/andrew/.pico-sdk/sdk/2.0.0/src/rp2_common/pico_async_context/async_context_threadsafe_background.c.obj
 .text.async_context_threadsafe_background_default_config
                0x1000c874        0xc CMakeFiles/myproject.dir/home/andrew/.pico-sdk/sdk/2.0.0/src/rp2_common/pico_async_context/async_context_threadsafe_background.c.obj
                0x1000c874                async_context_threadsafe_background_default_config
 .text.async_context_threadsafe_background_init
                0x1000c880       0xa8 CMakeFiles/myproject.dir/home/andrew/.pico-sdk/sdk/2.0.0/src/rp2_common/pico_async_context/async_context_threadsafe_background.c.obj
                0x1000c880                async_context_threadsafe_background_init
 .text.strncmp  0x1000c928       0x74 /home/andrew/.pico-sdk/toolchain/13_2_Rel1/bin/../lib/gcc/arm-none-eabi/13.2.1/../../../../arm-none-eabi/lib/thumb/v6-m/nofp/libg.a(libc_a-strncmp.o)
                0x1000c928                strncmp
 .text.malloc   0x1000c99c       0x14 /home/andrew/.pico-sdk/toolchain/13_2_Rel1/bin/../lib/gcc/arm-none-eabi/13.2.1/../../../../arm-none-eabi/lib/thumb/v6-m/nofp/libg.a(libc_a-malloc.o)
                0x1000c99c                malloc
 .text.free     0x1000c9b0       0x14 /home/andrew/.pico-sdk/toolchain/13_2_Rel1/bin/../lib/gcc/arm-none-eabi/13.2.1/../../../../arm-none-eabi/lib/thumb/v6-m/nofp/libg.a(libc_a-malloc.o)
                0x1000c9b0                free
 .text._malloc_r
                0x1000c9c4      0x5c4 /home/andrew/.pico-sdk/toolchain/13_2_Rel1/bin/../lib/gcc/arm-none-eabi/13.2.1/../../../../arm-none-eabi/lib/thumb/v6-m/nofp/libg.a(libc_a-mallocr.o)
                0x1000c9c4                _malloc_r
 .text.memmove  0x1000cf88       0xb0 /home/andrew/.pico-sdk/toolchain/13_2_Rel1/bin/../lib/gcc/arm-none-eabi/13.2.1/../../../../arm-none-eabi/lib/thumb/v6-m/nofp/libg.a(libc_a-memmove.o)
                0x1000cf88                memmove
 .text.__retarget_lock_acquire_recursive
                0x1000d038        0x4 /home/andrew/.pico-sdk/toolchain/13_2_Rel1/bin/../lib/gcc/arm-none-eabi/13.2.1/../../../../arm-none-eabi/lib/thumb/v6-m/nofp/libg.a(libc_a-lock.o)
                0x1000d038                __retarget_lock_acquire_recursive
 .text.__retarget_lock_release_recursive
                0x1000d03c        0x4 /home/andrew/.pico-sdk/toolchain/13_2_Rel1/bin/../lib/gcc/arm-none-eabi/13.2.1/../../../../arm-none-eabi/lib/thumb/v6-m/nofp/libg.a(libc_a-lock.o)
                0x1000d03c                __retarget_lock_release_recursive
 .text.sysconf  0x1000d040       0x1c /home/andrew/.pico-sdk/toolchain/13_2_Rel1/bin/../lib/gcc/arm-none-eabi/13.2.1/../../../../arm-none-eabi/lib/thumb/v6-m/nofp/libg.a(libc_a-sysconf.o)
                0x1000d040                sysconf
 .text.__malloc_lock
                0x1000d05c       0x10 /home/andrew/.pico-sdk/toolchain/13_2_Rel1/bin/../lib/gcc/arm-none-eabi/13.2.1/../../../../arm-none-eabi/lib/thumb/v6-m/nofp/libg.a(libc_a-mlock.o)
                0x1000d05c                __malloc_lock
 .text.__malloc_unlock
                0x1000d06c       0x10 /home/andrew/.pico-sdk/toolchain/13_2_Rel1/bin/../lib/gcc/arm-none-eabi/13.2.1/../../../../arm-none-eabi/lib/thumb/v6-m/nofp/libg.a(libc_a-mlock.o)
                0x1000d06c                __malloc_unlock
 .text.calloc   0x1000d07c       0x18 /home/andrew/.pico-sdk/toolchain/13_2_Rel1/bin/../lib/gcc/arm-none-eabi/13.2.1/../../../../arm-none-eabi/lib/thumb/v6-m/nofp/libg.a(libc_a-calloc.o)
                0x1000d07c                calloc
 .text._calloc_r
                0x1000d094       0xa8 /home/andrew/.pico-sdk/toolchain/13_2_Rel1/bin/../lib/gcc/arm-none-eabi/13.2.1/../../../../arm-none-eabi/lib/thumb/v6-m/nofp/libg.a(libc_a-callocr.o)
                0x1000d094                _calloc_r
 .text.strlen   0x1000d13c       0x5c /home/andrew/.pico-sdk/toolchain/13_2_Rel1/bin/../lib/gcc/arm-none-eabi/13.2.1/../../../../arm-none-eabi/lib/thumb/v6-m/nofp/libg.a(libc_a-strlen-stub.o)
                0x1000d13c                strlen
 .text._malloc_trim_r
                0x1000d198       0xb4 /home/andrew/.pico-sdk/toolchain/13_2_Rel1/bin/../lib/gcc/arm-none-eabi/13.2.1/../../../../arm-none-eabi/lib/thumb/v6-m/nofp/libg.a(libc_a-freer.o)
                0x1000d198                _malloc_trim_r
 .text._free_r  0x1000d24c      0x1d4 /home/andrew/.pico-sdk/toolchain/13_2_Rel1/bin/../lib/gcc/arm-none-eabi/13.2.1/../../../../arm-none-eabi/lib/thumb/v6-m/nofp/libg.a(libc_a-freer.o)
                0x1000d24c                _free_r
 .text._sbrk_r  0x1000d420       0x24 /home/andrew/.pico-sdk/toolchain/13_2_Rel1/bin/../lib/gcc/arm-none-eabi/13.2.1/../../../../arm-none-eabi/lib/thumb/v6-m/nofp/libg.a(libc_a-sbrkr.o)
                0x1000d420                _sbrk_r